Archive member included to satisfy reference by file (symbol)

/Applications/ArmGNUToolchain/15.2.rel1/arm-none-eabi/bin/../lib/gcc/arm-none-eabi/15.2.1/thumb/v6-m/nofp/libgcc.a(_dvmd_tls.o)
                              CMakeFiles/panel_firmware.dir/Users/fchorney/pico-sdk/src/rp2_common/pico_divider/divider_hardware.S.o (__aeabi_idiv0)
/Applications/ArmGNUToolchain/15.2.rel1/arm-none-eabi/bin/../lib/gcc/arm-none-eabi/15.2.1/../../../../arm-none-eabi/lib/thumb/v6-m/nofp/libg.a(libc_a-calloc.o)
                              CMakeFiles/panel_firmware.dir/Users/fchorney/pico-sdk/src/rp2_common/pico_malloc/malloc.c.o (calloc)
/Applications/ArmGNUToolchain/15.2.rel1/arm-none-eabi/bin/../lib/gcc/arm-none-eabi/15.2.1/../../../../arm-none-eabi/lib/thumb/v6-m/nofp/libg.a(libc_a-callocr.o)
                              /Applications/ArmGNUToolchain/15.2.rel1/arm-none-eabi/bin/../lib/gcc/arm-none-eabi/15.2.1/../../../../arm-none-eabi/lib/thumb/v6-m/nofp/libg.a(libc_a-calloc.o) (_calloc_r)
/Applications/ArmGNUToolchain/15.2.rel1/arm-none-eabi/bin/../lib/gcc/arm-none-eabi/15.2.1/../../../../arm-none-eabi/lib/thumb/v6-m/nofp/libg.a(libc_a-malloc.o)
                              CMakeFiles/panel_firmware.dir/Users/fchorney/pico-sdk/src/rp2_common/pico_malloc/malloc.c.o (malloc)
/Applications/ArmGNUToolchain/15.2.rel1/arm-none-eabi/bin/../lib/gcc/arm-none-eabi/15.2.1/../../../../arm-none-eabi/lib/thumb/v6-m/nofp/libg.a(libc_a-mallocr.o)
                              /Applications/ArmGNUToolchain/15.2.rel1/arm-none-eabi/bin/../lib/gcc/arm-none-eabi/15.2.1/../../../../arm-none-eabi/lib/thumb/v6-m/nofp/libg.a(libc_a-callocr.o) (_malloc_r)
/Applications/ArmGNUToolchain/15.2.rel1/arm-none-eabi/bin/../lib/gcc/arm-none-eabi/15.2.1/../../../../arm-none-eabi/lib/thumb/v6-m/nofp/libg.a(libc_a-mlock.o)
                              /Applications/ArmGNUToolchain/15.2.rel1/arm-none-eabi/bin/../lib/gcc/arm-none-eabi/15.2.1/../../../../arm-none-eabi/lib/thumb/v6-m/nofp/libg.a(libc_a-mallocr.o) (__malloc_lock)
/Applications/ArmGNUToolchain/15.2.rel1/arm-none-eabi/bin/../lib/gcc/arm-none-eabi/15.2.1/../../../../arm-none-eabi/lib/thumb/v6-m/nofp/libg.a(libc_a-realloc.o)
                              CMakeFiles/panel_firmware.dir/Users/fchorney/pico-sdk/src/rp2_common/pico_malloc/malloc.c.o (realloc)
/Applications/ArmGNUToolchain/15.2.rel1/arm-none-eabi/bin/../lib/gcc/arm-none-eabi/15.2.1/../../../../arm-none-eabi/lib/thumb/v6-m/nofp/libg.a(libc_a-reallocr.o)
                              /Applications/ArmGNUToolchain/15.2.rel1/arm-none-eabi/bin/../lib/gcc/arm-none-eabi/15.2.1/../../../../arm-none-eabi/lib/thumb/v6-m/nofp/libg.a(libc_a-realloc.o) (_realloc_r)
/Applications/ArmGNUToolchain/15.2.rel1/arm-none-eabi/bin/../lib/gcc/arm-none-eabi/15.2.1/../../../../arm-none-eabi/lib/thumb/v6-m/nofp/libg.a(libc_a-memcmp.o)
                              CMakeFiles/panel_firmware.dir/Users/fchorney/pico-sdk/src/rp2_common/pico_atomic/atomic.c.o (memcmp)
/Applications/ArmGNUToolchain/15.2.rel1/arm-none-eabi/bin/../lib/gcc/arm-none-eabi/15.2.1/../../../../arm-none-eabi/lib/thumb/v6-m/nofp/libg.a(libc_a-memmove.o)
                              /Applications/ArmGNUToolchain/15.2.rel1/arm-none-eabi/bin/../lib/gcc/arm-none-eabi/15.2.1/../../../../arm-none-eabi/lib/thumb/v6-m/nofp/libg.a(libc_a-reallocr.o) (memmove)
/Applications/ArmGNUToolchain/15.2.rel1/arm-none-eabi/bin/../lib/gcc/arm-none-eabi/15.2.1/../../../../arm-none-eabi/lib/thumb/v6-m/nofp/libg.a(libc_a-lcltime_r.o)
                              CMakeFiles/panel_firmware.dir/Users/fchorney/pico-sdk/src/common/pico_util/datetime.c.o (localtime_r)
/Applications/ArmGNUToolchain/15.2.rel1/arm-none-eabi/bin/../lib/gcc/arm-none-eabi/15.2.1/../../../../arm-none-eabi/lib/thumb/v6-m/nofp/libg.a(libc_a-mktime.o)
                              CMakeFiles/panel_firmware.dir/Users/fchorney/pico-sdk/src/common/pico_util/datetime.c.o (mktime)
/Applications/ArmGNUToolchain/15.2.rel1/arm-none-eabi/bin/../lib/gcc/arm-none-eabi/15.2.1/../../../../arm-none-eabi/lib/thumb/v6-m/nofp/libg.a(libc_a-month_lengths.o)
                              /Applications/ArmGNUToolchain/15.2.rel1/arm-none-eabi/bin/../lib/gcc/arm-none-eabi/15.2.1/../../../../arm-none-eabi/lib/thumb/v6-m/nofp/libg.a(libc_a-lcltime_r.o) (__month_lengths)
/Applications/ArmGNUToolchain/15.2.rel1/arm-none-eabi/bin/../lib/gcc/arm-none-eabi/15.2.1/../../../../arm-none-eabi/lib/thumb/v6-m/nofp/libg.a(libc_a-tzcalc_limits.o)
                              /Applications/ArmGNUToolchain/15.2.rel1/arm-none-eabi/bin/../lib/gcc/arm-none-eabi/15.2.1/../../../../arm-none-eabi/lib/thumb/v6-m/nofp/libg.a(libc_a-lcltime_r.o) (__tzcalc_limits)
/Applications/ArmGNUToolchain/15.2.rel1/arm-none-eabi/bin/../lib/gcc/arm-none-eabi/15.2.1/../../../../arm-none-eabi/lib/thumb/v6-m/nofp/libg.a(libc_a-tzlock.o)
[...]
Memory Configuration

Name             Origin             Length             Attributes
FLASH            0x10000000         0x00200000         xr
RAM              0x20000000         0x00040000         xrw
SCRATCH_X        0x20040000         0x00001000         xrw
SCRATCH_Y        0x20041000         0x00001000         xrw
*default*        0x00000000         0xffffffff

Linker script and memory map

LOAD /Applications/ArmGNUToolchain/15.2.rel1/arm-none-eabi/bin/../lib/gcc/arm-none-eabi/15.2.1/thumb/v6-m/nofp/crti.o
LOAD /Applications/ArmGNUToolchain/15.2.rel1/arm-none-eabi/bin/../lib/gcc/arm-none-eabi/15.2.1/thumb/v6-m/nofp/crtbegin.o
LOAD /Applications/ArmGNUToolchain/15.2.rel1/arm-none-eabi/bin/../lib/gcc/arm-none-eabi/15.2.1/../../../../arm-none-eabi/lib/thumb/v6-m/nofp/crt0.o

.flash_begin    0x10000000        0x0
                0x10000000                        __flash_binary_start = .

.boot2          0x10000000      0x100
                0x10000000                        __boot2_start__ = .
 *(.boot2)
 .boot2         0x10000000      0x100 pico-sdk/src/rp2040/boot_stage2/CMakeFiles/bs2_default_library.dir/bs2_default_padded_checksummed.S.o
                0x10000100                        __boot2_end__ = .
                0x00000001                        ASSERT (((__boot2_end__ - __boot2_start__) == 0x100), ERROR: Pico second stage bootloader must be 256 bytes in size)

.text           0x10000100     0x826c
                0x10000100                        __logical_binary_start = .
 *(.vectors)
 .vectors       0x10000100       0xd4 CMakeFiles/panel_firmware.dir/Users/fchorney/pico-sdk/src/rp2_common/pico_crt0/crt0.S.o
                0x10000100                __VECTOR_TABLE
                0x10000100                __vectors
                0x100001c0                isr_irq13
                0x100001c0                isr_irq27
                0x100001c0                isr_irq31
                0x100001c0                isr_irq5
                0x100001c0                isr_irq11
                0x100001c0                isr_irq23
                0x100001c0                isr_irq18
                0x100001c0                isr_irq9
                0x100001c0                __unhandled_user_irq
                0x100001c0                isr_irq25
                0x100001c0                isr_irq4
                0x100001c0                isr_irq16
                0x100001c0                isr_irq29
                0x100001c0                isr_irq26
                0x100001c0                isr_irq3
                0x100001c0                isr_irq12
                0x100001c0                isr_irq30
                0x100001c0                isr_irq28
                0x100001c0                isr_irq19
                0x100001c0                isr_irq0
                0x100001c0                isr_irq6
                0x100001c0                isr_irq22
                0x100001c0                isr_irq17
                0x100001c0                isr_irq14
                0x100001c0                __vectors_end
                0x100001c0                __default_isrs_start
                0x100001c0                isr_irq2
                0x100001c0                isr_irq10
                0x100001c0                isr_irq8
                0x100001c0                isr_irq24
                0x100001c0                isr_irq1
                0x100001c0                isr_irq7
                0x100001c0                isr_irq21
                0x100001c0                isr_irq20
                0x100001c0                isr_irq15
                0x100001c6                unhandled_user_irq_num_in_r0
                0x100001c8                isr_invalid
                0x100001ca                isr_nmi
                0x100001cc                isr_hardfault
                0x100001ce                isr_svcall
                0x100001d0                isr_pendsv
                0x100001d2                isr_systick
                0x100001d4                __default_isrs_end
 *(.binary_info_header)
 .binary_info_header
                0x100001d4       0x14 CMakeFiles/panel_firmware.dir/Users/fchorney/pico-sdk/src/rp2_common/pico_crt0/crt0.S.o
                0x100001e8                        __binary_info_header_end = .
 *(.embedded_block)
                0x100001e8                        __embedded_block_end = .
 *(.reset)
 .reset         0x100001e8       0x9c CMakeFiles/panel_firmware.dir/Users/fchorney/pico-sdk/src/rp2_common/pico_crt0/crt0.S.o
                0x100001e8                _entry_point
 *(.init)
 .init          0x10000284        0x4 /Applications/ArmGNUToolchain/15.2.rel1/arm-none-eabi/bin/../lib/gcc/arm-none-eabi/15.2.1/thumb/v6-m/nofp/crti.o
                0x10000284                _init
 *(EXCLUDE_FILE(*libm.a: *libc.a:*lib_a-mem*.o *libgcc.a:) .text*)
 .text.register_tm_clones
                0x10000288       0x28 /Applications/ArmGNUToolchain/15.2.rel1/arm-none-eabi/bin/../lib/gcc/arm-none-eabi/15.2.1/thumb/v6-m/nofp/crtbegin.o
 .text.frame_dummy
                0x100002b0       0x24 /Applications/ArmGNUToolchain/15.2.rel1/arm-none-eabi/bin/../lib/gcc/arm-none-eabi/15.2.1/thumb/v6-m/nofp/crtbegin.o
 .text.on_uart_rx
                0x100002d4       0x44 CMakeFiles/panel_firmware.dir/main.c.o
 .text.core1_entry
                0x10000318      0xed0 CMakeFiles/panel_firmware.dir/main.c.o
 .text.startup.main
                0x100011e8      0x3b4 CMakeFiles/panel_firmware.dir/main.c.o
                0x100011e8                main
 .text.gpio_set_function
                0x1000159c       0x30 CMakeFiles/panel_firmware.dir/Users/fchorney/pico-sdk/src/rp2_common/hardware_gpio/gpio.c.o
                0x1000159c                gpio_set_function
 .text.gpio_set_pulls
                0x100015cc       0x24 CMakeFiles/panel_firmware.dir/Users/fchorney/pico-sdk/src/rp2_common/hardware_gpio/gpio.c.o
                0x100015cc                gpio_set_pulls
 .text.gpio_set_input_enabled
                0x100015f0       0x24 CMakeFiles/panel_firmware.dir/Users/fchorney/pico-sdk/src/rp2_common/hardware_gpio/gpio.c.o
                0x100015f0                gpio_set_input_enabled
 .text.gpio_init
                0x10001614       0x3c CMakeFiles/panel_firmware.dir/Users/fchorney/pico-sdk/src/rp2_common/hardware_gpio/gpio.c.o
                0x10001614                gpio_init
 .text.rp2040_chip_version
                0x10001650        0xc CMakeFiles/panel_firmware.dir/Users/fchorney/pico-sdk/src/rp2040/pico_platform/platform.c.o
                0x10001650                rp2040_chip_version
 .text.panic    0x1000165c       0x30 CMakeFiles/panel_firmware.dir/Users/fchorney/pico-sdk/src/rp2_common/pico_platform_panic/panic.c.o
                0x1000165c                panic
 .text.hw_claim_lock
                0x1000168c       0x18 CMakeFiles/panel_firmware.dir/Users/fchorney/pico-sdk/src/common/hardware_claim/claim.c.o
                0x1000168c                hw_claim_lock
 .text.hw_claim_unlock
                0x100016a4       0x14 CMakeFiles/panel_firmware.dir/Users/fchorney/pico-sdk/src/common/hardware_claim/claim.c.o
                0x100016a4                hw_claim_unlock
 .text.hw_claim_or_assert
                0x100016b8       0x50 CMakeFiles/panel_firmware.dir/Users/fchorney/pico-sdk/src/common/hardware_claim/claim.c.o
                0x100016b8                hw_claim_or_assert
 .text.hw_claim_unused_from_range
                0x10001708       0x88 CMakeFiles/panel_firmware.dir/Users/fchorney/pico-sdk/src/common/hardware_claim/claim.c.o
                0x10001708                hw_claim_unused_from_range
 .text.next_striped_spin_lock_num
                0x10001790       0x18 CMakeFiles/panel_firmware.dir/Users/fchorney/pico-sdk/src/rp2_common/hardware_sync/sync.c.o
                0x10001790                next_striped_spin_lock_num
 .text.spin_lock_claim_unused
                0x100017a8       0x20 CMakeFiles/panel_firmware.dir/Users/fchorney/pico-sdk/src/rp2_common/hardware_sync/sync.c.o
                0x100017a8                spin_lock_claim_unused
 .text.spin_locks_reset
                0x100017c8       0x1c CMakeFiles/panel_firmware.dir/Users/fchorney/pico-sdk/src/rp2_common/hardware_sync_spin_lock/sync_spin_lock.c.o
                0x100017c8                spin_locks_reset
 .text.runtime_init_per_core_irq_priorities
                0x100017e4       0x48 CMakeFiles/panel_firmware.dir/Users/fchorney/pico-sdk/src/rp2_common/hardware_irq/irq.c.o
                0x100017e4                runtime_init_per_core_irq_priorities
 .text.irq_set_enabled
                0x1000182c       0x24 CMakeFiles/panel_firmware.dir/Users/fchorney/pico-sdk/src/rp2_common/hardware_irq/irq.c.o
                0x1000182c                irq_set_enabled
 .text.irq_is_enabled
                0x10001850       0x18 CMakeFiles/panel_firmware.dir/Users/fchorney/pico-sdk/src/rp2_common/hardware_irq/irq.c.o
                0x10001850                irq_is_enabled
 .text.irq_set_pending
                0x10001868       0x10 CMakeFiles/panel_firmware.dir/Users/fchorney/pico-sdk/src/rp2_common/hardware_irq/irq.c.o
                0x10001868                irq_set_pending
 .text.irq_has_shared_handler
                0x10001878       0x20 CMakeFiles/panel_firmware.dir/Users/fchorney/pico-sdk/src/rp2_common/hardware_irq/irq.c.o
                0x10001878                irq_has_shared_handler
 .text.irq_set_exclusive_handler
                0x10001898       0x54 CMakeFiles/panel_firmware.dir/Users/fchorney/pico-sdk/src/rp2_common/hardware_irq/irq.c.o
                0x10001898                irq_set_exclusive_handler
 .text.irq_add_shared_handler
                0x100018ec      0x1cc CMakeFiles/panel_firmware.dir/Users/fchorney/pico-sdk/src/rp2_common/hardware_irq/irq.c.o
                0x100018ec                irq_add_shared_handler
 .text.irq_add_tail_to_free_list
                0x10001ab8       0xb4 CMakeFiles/panel_firmware.dir/Users/fchorney/pico-sdk/src/rp2_common/hardware_irq/irq.c.o
                0x10001ab8                irq_add_tail_to_free_list
 .text.user_irq_claim_unused
                0x10001b6c       0x28 CMakeFiles/panel_firmware.dir/Users/fchorney/pico-sdk/src/rp2_common/hardware_irq/irq.c.o
                0x10001b6c                user_irq_claim_unused
 .text.lock_init
                0x10001b94       0x10 CMakeFiles/panel_firmware.dir/Users/fchorney/pico-sdk/src/common/pico_sync/lock_core.c.o
                0x10001b94                lock_init
 .text.runtime_init_mutex
                0x10001ba4       0x50 CMakeFiles/panel_firmware.dir/Users/fchorney/pico-sdk/src/common/pico_sync/mutex.c.o
                0x10001ba4                runtime_init_mutex
 .text.mutex_init
                0x10001bf4       0x1c CMakeFiles/panel_firmware.dir/Users/fchorney/pico-sdk/src/common/pico_sync/mutex.c.o
                0x10001bf4                mutex_init
 .text.critical_section_init
                0x10001c10       0x1c CMakeFiles/panel_firmware.dir/Users/fchorney/pico-sdk/src/common/pico_sync/critical_section.c.o
                0x10001c10                critical_section_init
 .text.critical_section_init_with_lock_num
                0x10001c2c       0x14 CMakeFiles/panel_firmware.dir/Users/fchorney/pico-sdk/src/common/pico_sync/critical_section.c.o
                0x10001c2c                critical_section_init_with_lock_num
 .text.sleep_until_callback
                0x10001c40       0x30 CMakeFiles/panel_firmware.dir/Users/fchorney/pico-sdk/src/common/pico_time/time.c.o
 .text.alarm_pool_irq_handler
                0x10001c70      0x2f4 CMakeFiles/panel_firmware.dir/Users/fchorney/pico-sdk/src/common/pico_time/time.c.o
 .text.runtime_init_default_alarm_pool
                0x10001f64       0xd8 CMakeFiles/panel_firmware.dir/Users/fchorney/pico-sdk/src/common/pico_time/time.c.o
                0x10001f64                runtime_init_default_alarm_pool
 .text.alarm_pool_get_default
                0x1000203c        0x8 CMakeFiles/panel_firmware.dir/Users/fchorney/pico-sdk/src/common/pico_time/time.c.o
                0x1000203c                alarm_pool_get_default
 .text.alarm_pool_add_alarm_at
                0x10002044       0xcc CMakeFiles/panel_firmware.dir/Users/fchorney/pico-sdk/src/common/pico_time/time.c.o
                0x10002044                alarm_pool_add_alarm_at
 .text.alarm_pool_add_alarm_at_force_in_context
                0x10002110       0xbc CMakeFiles/panel_firmware.dir/Users/fchorney/pico-sdk/src/common/pico_time/time.c.o
                0x10002110                alarm_pool_add_alarm_at_force_in_context
 .text.alarm_pool_cancel_alarm
                0x100021cc       0x74 CMakeFiles/panel_firmware.dir/Users/fchorney/pico-sdk/src/common/pico_time/time.c.o
                0x100021cc                alarm_pool_cancel_alarm
 .text.alarm_pool_core_num
                0x10002240        0x4 CMakeFiles/panel_firmware.dir/Users/fchorney/pico-sdk/src/common/pico_time/time.c.o
                0x10002240                alarm_pool_core_num
 .text.sleep_us
                0x10002244       0xec CMakeFiles/panel_firmware.dir/Users/fchorney/pico-sdk/src/common/pico_time/time.c.o
                0x10002244                sleep_us
 .text.best_effort_wfe_or_timeout
                0x10002330      0x100 CMakeFiles/panel_firmware.dir/Users/fchorney/pico-sdk/src/common/pico_time/time.c.o
                0x10002330                best_effort_wfe_or_timeout
 .text.timer_hardware_alarm_claim
                0x10002430       0x14 CMakeFiles/panel_firmware.dir/Users/fchorney/pico-sdk/src/rp2_common/hardware_timer/timer.c.o
                0x10002430                timer_hardware_alarm_claim
 .text.timer_time_us_64
                0x10002444       0x10 CMakeFiles/panel_firmware.dir/Users/fchorney/pico-sdk/src/rp2_common/hardware_timer/timer.c.o
                0x10002444                timer_time_us_64
 .text.time_us_64
                0x10002454       0x14 CMakeFiles/panel_firmware.dir/Users/fchorney/pico-sdk/src/rp2_common/hardware_timer/timer.c.o
                0x10002454                time_us_64
 .text.busy_wait_us
                0x10002468       0x6c CMakeFiles/panel_firmware.dir/Users/fchorney/pico-sdk/src/rp2_common/hardware_timer/timer.c.o
                0x10002468                busy_wait_us
 .text.busy_wait_until
                0x100024d4       0x20 CMakeFiles/panel_firmware.dir/Users/fchorney/pico-sdk/src/rp2_common/hardware_timer/timer.c.o
                0x100024d4                busy_wait_until
 .text.uart_init
                0x100024f4      0x11c CMakeFiles/panel_firmware.dir/Users/fchorney/pico-sdk/src/rp2_common/hardware_uart/uart.c.o
                0x100024f4                uart_init
 .text.clock_configure_int_divider
                0x10002610       0xec CMakeFiles/panel_firmware.dir/Users/fchorney/pico-sdk/src/rp2_common/hardware_clocks/clocks.c.o
                0x10002610                clock_configure_int_divider
 .text.clock_configure_undivided
                0x100026fc       0xe0 CMakeFiles/panel_firmware.dir/Users/fchorney/pico-sdk/src/rp2_common/hardware_clocks/clocks.c.o
                0x100026fc                clock_configure_undivided
 .text.clock_get_hz
                0x100027dc        0xc CMakeFiles/panel_firmware.dir/Users/fchorney/pico-sdk/src/rp2_common/hardware_clocks/clocks.c.o
                0x100027dc                clock_get_hz
 .text.pll_init
                0x100027e8       0xb0 CMakeFiles/panel_firmware.dir/Users/fchorney/pico-sdk/src/rp2_common/hardware_pll/pll.c.o
                0x100027e8                pll_init
 .text.watchdog_reboot
                0x10002898       0x9c CMakeFiles/panel_firmware.dir/Users/fchorney/pico-sdk/src/rp2_common/hardware_watchdog/watchdog.c.o
                0x10002898                watchdog_reboot
 .text.tick_start
                0x10002934       0x10 CMakeFiles/panel_firmware.dir/Users/fchorney/pico-sdk/src/rp2_common/hardware_ticks/ticks.c.o
                0x10002934                tick_start
 .text.rom_func_lookup
                0x10002944       0x10 CMakeFiles/panel_firmware.dir/Users/fchorney/pico-sdk/src/rp2_common/pico_bootrom/bootrom.c.o
                0x10002944                rom_func_lookup
 .text.rom_data_lookup
                0x10002954       0x10 CMakeFiles/panel_firmware.dir/Users/fchorney/pico-sdk/src/rp2_common/pico_bootrom/bootrom.c.o
                0x10002954                rom_data_lookup
 .text.rom_funcs_lookup
                0x10002964       0x44 CMakeFiles/panel_firmware.dir/Users/fchorney/pico-sdk/src/rp2_common/pico_bootrom/bootrom.c.o
                0x10002964                rom_funcs_lookup
 .text.rom_reset_usb_boot_extra
                0x100029a8       0x24 CMakeFiles/panel_firmware.dir/Users/fchorney/pico-sdk/src/rp2_common/pico_bootrom/bootrom.c.o
                0x100029a8                rom_reset_usb_boot_extra
 .text.xosc_init
                0x100029cc       0x28 CMakeFiles/panel_firmware.dir/Users/fchorney/pico-sdk/src/rp2_common/hardware_xosc/xosc.c.o
                0x100029cc                xosc_init
 .text.first_per_core_initializer
                0x100029f4        0x4 CMakeFiles/panel_firmware.dir/Users/fchorney/pico-sdk/src/rp2_common/pico_runtime/runtime.c.o
 .text.hard_assertion_failure
                0x100029f8        0xc CMakeFiles/panel_firmware.dir/Users/fchorney/pico-sdk/src/rp2_common/pico_runtime/runtime.c.o
                0x100029f8                hard_assertion_failure
 .text.runtime_run_initializers
                0x10002a04       0x28 CMakeFiles/panel_firmware.dir/Users/fchorney/pico-sdk/src/rp2_common/pico_runtime/runtime.c.o
                0x10002a04                runtime_run_initializers
 .text.runtime_run_per_core_initializers
                0x10002a2c       0x28 CMakeFiles/panel_firmware.dir/Users/fchorney/pico-sdk/src/rp2_common/pico_runtime/runtime.c.o
                0x10002a2c                runtime_run_per_core_initializers
 .text.runtime_init_early_resets
                0x10002a54       0x2c CMakeFiles/panel_firmware.dir/Users/fchorney/pico-sdk/src/rp2_common/pico_runtime_init/runtime_init.c.o
                0x10002a54                runtime_init_early_resets
 .text.runtime_init_usb_power_down
                0x10002a80       0x1c CMakeFiles/panel_firmware.dir/Users/fchorney/pico-sdk/src/rp2_common/pico_runtime_init/runtime_init.c.o
                0x10002a80                runtime_init_usb_power_down
 .text.runtime_init_post_clock_resets
                0x10002a9c       0x20 CMakeFiles/panel_firmware.dir/Users/fchorney/pico-sdk/src/rp2_common/pico_runtime_init/runtime_init.c.o
                0x10002a9c                runtime_init_post_clock_resets
 .text.runtime_init_rp2040_gpio_ie_disable
                0x10002abc       0x14 CMakeFiles/panel_firmware.dir/Users/fchorney/pico-sdk/src/rp2_common/pico_runtime_init/runtime_init.c.o
                0x10002abc                runtime_init_rp2040_gpio_ie_disable
 .text.runtime_init_spin_locks_reset
                0x10002ad0        0x8 CMakeFiles/panel_firmware.dir/Users/fchorney/pico-sdk/src/rp2_common/pico_runtime_init/runtime_init.c.o
                0x10002ad0                runtime_init_spin_locks_reset
 .text.runtime_init_install_ram_vector_table
                0x10002ad8       0xb8 CMakeFiles/panel_firmware.dir/Users/fchorney/pico-sdk/src/rp2_common/pico_runtime_init/runtime_init.c.o
                0x10002ad8                runtime_init_install_ram_vector_table
 .text.runtime_init_clocks
                0x10002b90       0xd8 CMakeFiles/panel_firmware.dir/Users/fchorney/pico-sdk/src/rp2_common/pico_runtime_init/runtime_init_clocks.c.o
                0x10002b90                runtime_init_clocks
 .text          0x10002c68       0x10 CMakeFiles/panel_firmware.dir/Users/fchorney/pico-sdk/src/rp2_common/pico_bit_ops/bit_ops_aeabi.S.o
 .text.__wrap___aeabi_idiv
                0x10002c78       0x50 CMakeFiles/panel_firmware.dir/Users/fchorney/pico-sdk/src/rp2_common/pico_divider/divider_hardware.S.o
                0x10002c78                __wrap___aeabi_idivmod
                0x10002c78                divmod_s32s32
                0x10002c78                div_s32s32
                0x10002c78                __wrap___aeabi_idiv
                0x10002c80                divmod_s32s32_unsafe
                0x10002cac                divmod_s32s32_savestate
 .text.__wrap___aeabi_uidiv
                0x10002cc8       0x4c CMakeFiles/panel_firmware.dir/Users/fchorney/pico-sdk/src/rp2_common/pico_divider/divider_hardware.S.o
                0x10002cc8                __wrap___aeabi_uidiv
                0x10002cc8                __wrap___aeabi_uidivmod
                0x10002cc8                div_u32u32
                0x10002cc8                divmod_u32u32
                0x10002cd0                divmod_u32u32_unsafe
                0x10002cf8                divmod_u32u32_savestate
 .text.__wrap___aeabi_ldiv
                0x10002d14      0x424 CMakeFiles/panel_firmware.dir/Users/fchorney/pico-sdk/src/rp2_common/pico_divider/divider_hardware.S.o
                0x10002d14                __wrap___aeabi_ldivmod
                0x10002d14                div_s64s64
                0x10002d14                divmod_s64s64
                0x10002d44                divmod_u64u64
                0x10002d44                div_u64u64
                0x10002d44                __wrap___aeabi_uldivmod
                0x10002d54                divmod_u64u64_savestate
                0x10002d74                divmod_s64s64_unsafe
                0x10002dfc                divmod_u64u64_unsafe
 .text.__wrap___aeabi_darithmetic
                0x10003138       0x80 CMakeFiles/panel_firmware.dir/Users/fchorney/pico-sdk/src/rp2_common/pico_double/double_aeabi_rp2040.S.o
                0x10003138                __wrap___aeabi_drsub
                0x1000313e                __wrap___aeabi_dsub
                0x10003150                __wrap___aeabi_dadd
                0x10003162                __wrap___aeabi_ddiv
                0x1000319e                __wrap___aeabi_dmul
 .text.__wrap___aeabi_cdcmple
                0x100031b8       0x6c CMakeFiles/panel_firmware.dir/Users/fchorney/pico-sdk/src/rp2_common/pico_double/double_aeabi_rp2040.S.o
                0x100031b8                __wrap___aeabi_cdrcmple
                0x100031c8                __wrap___aeabi_cdcmple
                0x100031c8                __wrap___aeabi_cdcmpeq
 .text.__wrap___aeabi_dcmplt
                0x10003224        0xc CMakeFiles/panel_firmware.dir/Users/fchorney/pico-sdk/src/rp2_common/pico_double/double_aeabi_rp2040.S.o
                0x10003224                __wrap___aeabi_dcmplt
 .text.__wrap___aeabi_dcmple
                0x10003230       0x10 CMakeFiles/panel_firmware.dir/Users/fchorney/pico-sdk/src/rp2_common/pico_double/double_aeabi_rp2040.S.o
                0x10003230                __wrap___aeabi_dcmple
 .text.__wrap___aeabi_dcmpge
                0x10003240       0x10 CMakeFiles/panel_firmware.dir/Users/fchorney/pico-sdk/src/rp2_common/pico_double/double_aeabi_rp2040.S.o
                0x10003240                __wrap___aeabi_dcmpge
 .text.__wrap___aeabi_dcmpgt
                0x10003250        0xa CMakeFiles/panel_firmware.dir/Users/fchorney/pico-sdk/src/rp2_common/pico_double/double_aeabi_rp2040.S.o
                0x10003250                __wrap___aeabi_dcmpgt
 .text.__wrap___aeabi_dcmpun
                0x1000325a       0x18 CMakeFiles/panel_firmware.dir/Users/fchorney/pico-sdk/src/rp2_common/pico_double/double_aeabi_rp2040.S.o
                0x1000325a                __wrap___aeabi_dcmpun
 *fill*         0x10003272        0x2 
 .text.__wrap___aeabi_i2d
                0x10003274       0x38 CMakeFiles/panel_firmware.dir/Users/fchorney/pico-sdk/src/rp2_common/pico_double/double_aeabi_rp2040.S.o
                0x10003274                __wrap___aeabi_ui2d
                0x10003274                uint2double
                0x1000327c                __wrap___aeabi_i2d
                0x1000327c                int2double
 .text.__wrap___aeabi_d2iz
                0x100032ac       0x48 CMakeFiles/panel_firmware.dir/Users/fchorney/pico-sdk/src/rp2_common/pico_double/double_aeabi_rp2040.S.o
                0x100032ac                __wrap___aeabi_d2iz
                0x100032ac                double2int_z
 .text.__wrap___aeabi_d2uiz
                0x100032f4       0x18 CMakeFiles/panel_firmware.dir/Users/fchorney/pico-sdk/src/rp2_common/pico_double/double_aeabi_rp2040.S.o
                0x100032f4                double2uint_z
                0x100032f4                double2uint
                0x100032f4                __wrap___aeabi_d2uiz
 .text.__aeabi_double_init
                0x1000330c       0xa4 CMakeFiles/panel_firmware.dir/Users/fchorney/pico-sdk/src/rp2_common/pico_double/double_init_rom_rp2040.c.o
                0x1000330c                __aeabi_double_init
 .text.double_table_shim_on_use_helper
                0x100033b0       0x2c CMakeFiles/panel_firmware.dir/Users/fchorney/pico-sdk/src/rp2_common/pico_double/double_v1_rom_shim_rp2040.S.o
                0x100033b0                double_table_shim_on_use_helper
 .text.__wrap___aeabi_dsub
                0x100033dc       0x10 CMakeFiles/panel_firmware.dir/Users/fchorney/pico-sdk/src/rp2_common/pico_double/double_v1_rom_shim_rp2040.S.o
                0x100033dc                drsub_shim
                0x100033e2                dsub_shim
 .text.dadd_shim
                0x100033ec      0x15c CMakeFiles/panel_firmware.dir/Users/fchorney/pico-sdk/src/rp2_common/pico_double/double_v1_rom_shim_rp2040.S.o
                0x100033ec                dadd_shim
 .text.dmul_shim
                0x10003548      0x15c CMakeFiles/panel_firmware.dir/Users/fchorney/pico-sdk/src/rp2_common/pico_double/double_v1_rom_shim_rp2040.S.o
                0x10003548                dmul_shim
 .text.ddiv_shim
                0x100036a4      0x1b0 CMakeFiles/panel_firmware.dir/Users/fchorney/pico-sdk/src/rp2_common/pico_double/double_v1_rom_shim_rp2040.S.o
                0x100036a4                ddiv_shim
 .text.double2uint_shim
                0x10003854        0xe CMakeFiles/panel_firmware.dir/Users/fchorney/pico-sdk/src/rp2_common/pico_double/double_v1_rom_shim_rp2040.S.o
                0x10003854                double2uint_shim
                0x10003856                double2ufix_shim
 *fill*         0x10003862        0x2 
 .text.double2uint64_shim
                0x10003864       0x70 CMakeFiles/panel_firmware.dir/Users/fchorney/pico-sdk/src/rp2_common/pico_double/double_v1_rom_shim_rp2040.S.o
                0x10003864                double2uint64_shim
                0x10003866                double2ufix64_shim
                0x10003886                d2fix_a
 .text.dunpacks
                0x100038d4       0x3c CMakeFiles/panel_firmware.dir/Users/fchorney/pico-sdk/src/rp2_common/pico_double/double_v1_rom_shim_rp2040.S.o
                0x100038d4                dunpacks
 .text.__aeabi_lmul
                0x10003910       0x32 CMakeFiles/panel_firmware.dir/Users/fchorney/pico-sdk/src/rp2_common/pico_int64_ops/pico_int64_ops_aeabi.S.o
                0x10003910                __wrap___aeabi_lmul
 *fill*         0x10003942        0x2 
 .text.__wrap___aeabi_farithmetic
                0x10003944       0x48 CMakeFiles/panel_firmware.dir/Users/fchorney/pico-sdk/src/rp2_common/pico_float/float_aeabi_rp2040.S.o
                0x10003944                __wrap___aeabi_frsub
                0x1000394a                __wrap___aeabi_fsub
                0x10003950                __wrap___aeabi_fadd
                0x10003956                __wrap___aeabi_fdiv
                0x1000397e                __wrap___aeabi_fmul
 .text.__wrap___aeabi_ui2f
                0x1000398c        0xa CMakeFiles/panel_firmware.dir/Users/fchorney/pico-sdk/src/rp2_common/pico_float/float_aeabi_rp2040.S.o
                0x1000398c                uint2float
                0x1000398c                __wrap___aeabi_ui2f
 *fill*         0x10003996        0x2 
 .text.__wrap___aeabi_i2f
                0x10003998       0x44 CMakeFiles/panel_firmware.dir/Users/fchorney/pico-sdk/src/rp2_common/pico_float/float_aeabi_rp2040.S.o
                0x10003998                int2float
                0x10003998                __wrap___aeabi_i2f
 .text.__wrap___aeabi_f2iz
                0x100039dc       0x4e CMakeFiles/panel_firmware.dir/Users/fchorney/pico-sdk/src/rp2_common/pico_float/float_aeabi_rp2040.S.o
                0x100039dc                __wrap___aeabi_f2iz
                0x100039dc                float2int_z
 *fill*         0x10003a2a        0x2 
 .text.float2int
                0x10003a2c       0x14 CMakeFiles/panel_firmware.dir/Users/fchorney/pico-sdk/src/rp2_common/pico_float/float_aeabi_rp2040.S.o
                0x10003a2c                float2int
 .text.__wrap___aeabi_f2uiz
                0x10003a40        0xc CMakeFiles/panel_firmware.dir/Users/fchorney/pico-sdk/src/rp2_common/pico_float/float_aeabi_rp2040.S.o
                0x10003a40                float2uint
                0x10003a40                float2uint_z
                0x10003a40                __wrap___aeabi_f2uiz
 .text.__aeabi_float_init
                0x10003a4c       0x68 CMakeFiles/panel_firmware.dir/Users/fchorney/pico-sdk/src/rp2_common/pico_float/float_init_rom_rp2040.c.o
                0x10003a4c                __aeabi_float_init
 .text.float_table_shim_on_use_helper
                0x10003ab4       0x2c CMakeFiles/panel_firmware.dir/Users/fchorney/pico-sdk/src/rp2_common/pico_float/float_v1_rom_shim_rp2040.S.o
                0x10003ab4                float_table_shim_on_use_helper
 .text.float232_shims
                0x10003ae0       0x18 CMakeFiles/panel_firmware.dir/Users/fchorney/pico-sdk/src/rp2_common/pico_float/float_v1_rom_shim_rp2040.S.o
                0x10003ae0                float2int_shim
                0x10003ae2                float2fix_shim
 .text          0x10003af8       0x10 CMakeFiles/panel_firmware.dir/Users/fchorney/pico-sdk/src/rp2_common/pico_mem_ops/mem_ops_aeabi.S.o
                0x10003af8                __aeabi_mem_init
 .text.memset   0x10003b08        0xc CMakeFiles/panel_firmware.dir/Users/fchorney/pico-sdk/src/rp2_common/pico_mem_ops/mem_ops_aeabi.S.o
                0x10003b08                __wrap_memset
 .text.memcpy   0x10003b14        0xc CMakeFiles/panel_firmware.dir/Users/fchorney/pico-sdk/src/rp2_common/pico_mem_ops/mem_ops_aeabi.S.o
                0x10003b14                __wrap___aeabi_memcpy
                0x10003b14                __wrap_memcpy
 .text._out_null
                0x10003b20        0x4 CMakeFiles/panel_firmware.dir/Users/fchorney/pico-sdk/src/rp2_common/pico_printf/printf.c.o
 .text._out_rev
                0x10003b24       0xa8 CMakeFiles/panel_firmware.dir/Users/fchorney/pico-sdk/src/rp2_common/pico_printf/printf.c.o
 .text._ntoa_format
                0x10003bcc      0x1d8 CMakeFiles/panel_firmware.dir/Users/fchorney/pico-sdk/src/rp2_common/pico_printf/printf.c.o
 .text._out_char
                0x10003da4       0x10 CMakeFiles/panel_firmware.dir/Users/fchorney/pico-sdk/src/rp2_common/pico_printf/printf.c.o
 .text._out_fct
                0x10003db4       0x10 CMakeFiles/panel_firmware.dir/Users/fchorney/pico-sdk/src/rp2_common/pico_printf/printf.c.o
 .text._ftoa    0x10003dc4      0x474 CMakeFiles/panel_firmware.dir/Users/fchorney/pico-sdk/src/rp2_common/pico_printf/printf.c.o
 .text._etoa    0x10004238      0x560 CMakeFiles/panel_firmware.dir/Users/fchorney/pico-sdk/src/rp2_common/pico_printf/printf.c.o
 .text._vsnprintf
                0x10004798      0xab8 CMakeFiles/panel_firmware.dir/Users/fchorney/pico-sdk/src/rp2_common/pico_printf/printf.c.o
 .text.vfctprintf
                0x10005250       0x20 CMakeFiles/panel_firmware.dir/Users/fchorney/pico-sdk/src/rp2_common/pico_printf/printf.c.o
                0x10005250                vfctprintf
 .text.weak_raw_vprintf
                0x10005270       0x30 CMakeFiles/panel_firmware.dir/Users/fchorney/pico-sdk/src/rp2_common/pico_printf/printf.c.o
                0x10005270                weak_raw_vprintf
 .text._exit    0x100052a0        0x4 CMakeFiles/panel_firmware.dir/Users/fchorney/pico-sdk/src/rp2_common/pico_clib_interface/newlib_interface.c.o
                0x100052a0                _exit
 .text.exit     0x100052a4        0x8 CMakeFiles/panel_firmware.dir/Users/fchorney/pico-sdk/src/rp2_common/pico_clib_interface/newlib_interface.c.o
                0x100052a4                exit
 .text.runtime_init
                0x100052ac       0x2c CMakeFiles/panel_firmware.dir/Users/fchorney/pico-sdk/src/rp2_common/pico_clib_interface/newlib_interface.c.o
                0x100052ac                runtime_init
 .text.stdio_out_chars_no_crlf
                0x100052d8       0x10 CMakeFiles/panel_firmware.dir/Users/fchorney/pico-sdk/src/rp2_common/pico_stdio/stdio.c.o
 .text.stdio_out_chars_crlf
                0x100052e8       0x90 CMakeFiles/panel_firmware.dir/Users/fchorney/pico-sdk/src/rp2_common/pico_stdio/stdio.c.o
 .text.stdio_buffered_printer
                0x10005378       0x64 CMakeFiles/panel_firmware.dir/Users/fchorney/pico-sdk/src/rp2_common/pico_stdio/stdio.c.o
 .text.stdio_put_string
                0x100053dc       0xf4 CMakeFiles/panel_firmware.dir/Users/fchorney/pico-sdk/src/rp2_common/pico_stdio/stdio.c.o
                0x100053dc                stdio_put_string
 .text.stdio_set_driver_enabled
                0x100054d0       0x30 CMakeFiles/panel_firmware.dir/Users/fchorney/pico-sdk/src/rp2_common/pico_stdio/stdio.c.o
                0x100054d0                stdio_set_driver_enabled
 .text.stdio_init_all
                0x10005500        0x8 CMakeFiles/panel_firmware.dir/Users/fchorney/pico-sdk/src/rp2_common/pico_stdio/stdio.c.o
                0x10005500                stdio_init_all
 .text.__wrap_putchar
                0x10005508       0x94 CMakeFiles/panel_firmware.dir/Users/fchorney/pico-sdk/src/rp2_common/pico_stdio/stdio.c.o
                0x10005508                stdio_putchar
                0x10005508                __wrap_putchar
 .text.__wrap_puts
                0x1000559c       0x3c CMakeFiles/panel_firmware.dir/Users/fchorney/pico-sdk/src/rp2_common/pico_stdio/stdio.c.o
                0x1000559c                __wrap_puts
                0x1000559c                stdio_puts
 .text.__wrap_vprintf
                0x100055d8       0xc8 CMakeFiles/panel_firmware.dir/Users/fchorney/pico-sdk/src/rp2_common/pico_stdio/stdio.c.o
                0x100055d8                __wrap_vprintf
                0x100055d8                stdio_vprintf
 .text.__wrap_printf
                0x100056a0       0x18 CMakeFiles/panel_firmware.dir/Users/fchorney/pico-sdk/src/rp2_common/pico_stdio/stdio.c.o
                0x100056a0                stdio_printf
                0x100056a0                __wrap_printf
 .text.resetd_init
                0x100056b8        0x4 CMakeFiles/panel_firmware.dir/Users/fchorney/pico-sdk/src/rp2_common/pico_stdio_usb/reset_interface.c.o
 .text.resetd_reset
                0x100056bc        0xc CMakeFiles/panel_firmware.dir/Users/fchorney/pico-sdk/src/rp2_common/pico_stdio_usb/reset_interface.c.o
 .text.resetd_open
                0x100056c8       0x28 CMakeFiles/panel_firmware.dir/Users/fchorney/pico-sdk/src/rp2_common/pico_stdio_usb/reset_interface.c.o
 .text.resetd_xfer_cb
                0x100056f0        0x4 CMakeFiles/panel_firmware.dir/Users/fchorney/pico-sdk/src/rp2_common/pico_stdio_usb/reset_interface.c.o
 .text.resetd_control_xfer_cb
                0x100056f4       0x54 CMakeFiles/panel_firmware.dir/Users/fchorney/pico-sdk/src/rp2_common/pico_stdio_usb/reset_interface.c.o
 .text.tud_descriptor_bos_cb
                0x10005748        0x8 CMakeFiles/panel_firmware.dir/Users/fchorney/pico-sdk/src/rp2_common/pico_stdio_usb/reset_interface.c.o
                0x10005748                tud_descriptor_bos_cb
 .text.tud_vendor_control_xfer_cb
                0x10005750       0x38 CMakeFiles/panel_firmware.dir/Users/fchorney/pico-sdk/src/rp2_common/pico_stdio_usb/reset_interface.c.o
                0x10005750                tud_vendor_control_xfer_cb
 .text.usbd_app_driver_get_cb
                0x10005788        0xc CMakeFiles/panel_firmware.dir/Users/fchorney/pico-sdk/src/rp2_common/pico_stdio_usb/reset_interface.c.o
                0x10005788                usbd_app_driver_get_cb
 .text.tud_cdc_line_coding_cb
                0x10005794       0x2c CMakeFiles/panel_firmware.dir/Users/fchorney/pico-sdk/src/rp2_common/pico_stdio_usb/reset_interface.c.o
                0x10005794                tud_cdc_line_coding_cb
 .text.stdio_usb_set_chars_available_callback
                0x100057c0       0x14 CMakeFiles/panel_firmware.dir/Users/fchorney/pico-sdk/src/rp2_common/pico_stdio_usb/stdio_usb.c.o
                0x100057c0                stdio_usb_set_chars_available_callback
 .text.usb_irq  0x100057d4       0x10 CMakeFiles/panel_firmware.dir/Users/fchorney/pico-sdk/src/rp2_common/pico_stdio_usb/stdio_usb.c.o
 .text.timer_task
                0x100057e4       0x64 CMakeFiles/panel_firmware.dir/Users/fchorney/pico-sdk/src/rp2_common/pico_stdio_usb/stdio_usb.c.o
 .text.stdio_usb_in_chars
                0x10005848       0x8c CMakeFiles/panel_firmware.dir/Users/fchorney/pico-sdk/src/rp2_common/pico_stdio_usb/stdio_usb.c.o
                0x10005848                stdio_usb_in_chars
 .text.stdio_usb_out_flush
                0x100058d4       0x4c CMakeFiles/panel_firmware.dir/Users/fchorney/pico-sdk/src/rp2_common/pico_stdio_usb/stdio_usb.c.o
 .text.stdio_usb_out_chars
                0x10005920       0xf8 CMakeFiles/panel_firmware.dir/Users/fchorney/pico-sdk/src/rp2_common/pico_stdio_usb/stdio_usb.c.o
 .text.low_priority_worker_irq
                0x10005a18       0xc4 CMakeFiles/panel_firmware.dir/Users/fchorney/pico-sdk/src/rp2_common/pico_stdio_usb/stdio_usb.c.o
 .text.stdio_usb_init
                0x10005adc       0xe4 CMakeFiles/panel_firmware.dir/Users/fchorney/pico-sdk/src/rp2_common/pico_stdio_usb/stdio_usb.c.o
                0x10005adc                stdio_usb_init
 .text.stdio_usb_connected
                0x10005bc0        0xc CMakeFiles/panel_firmware.dir/Users/fchorney/pico-sdk/src/rp2_common/pico_stdio_usb/stdio_usb.c.o
                0x10005bc0                stdio_usb_connected
 .text.tud_descriptor_device_cb
                0x10005bcc        0x8 CMakeFiles/panel_firmware.dir/Users/fchorney/pico-sdk/src/rp2_common/pico_stdio_usb/stdio_usb_descriptors.c.o
                0x10005bcc                tud_descriptor_device_cb
 .text.tud_descriptor_configuration_cb
                0x10005bd4        0x8 CMakeFiles/panel_firmware.dir/Users/fchorney/pico-sdk/src/rp2_common/pico_stdio_usb/stdio_usb_descriptors.c.o
                0x10005bd4                tud_descriptor_configuration_cb
 .text.tud_descriptor_string_cb
                0x10005bdc       0x70 CMakeFiles/panel_firmware.dir/Users/fchorney/pico-sdk/src/rp2_common/pico_stdio_usb/stdio_usb_descriptors.c.o
                0x10005bdc                tud_descriptor_string_cb
 .text.startup._retrieve_unique_id_on_boot
                0x10005c4c       0x10 CMakeFiles/panel_firmware.dir/Users/fchorney/pico-sdk/src/rp2_common/pico_unique_id/unique_id.c.o
 .text.pico_get_unique_board_id_string
                0x10005c5c      0x1e0 CMakeFiles/panel_firmware.dir/Users/fchorney/pico-sdk/src/rp2_common/pico_unique_id/unique_id.c.o
                0x10005c5c                pico_get_unique_board_id_string
 .text.flash_get_unique_id
                0x10005e3c       0x3c CMakeFiles/panel_firmware.dir/Users/fchorney/pico-sdk/src/rp2_common/hardware_flash/flash.c.o
                0x10005e3c                flash_get_unique_id
 .text.dcd_init
                0x10005e78       0x90 CMakeFiles/panel_firmware.dir/Users/fchorney/pico-sdk/lib/tinyusb/src/portable/raspberrypi/rp2040/dcd_rp2040.c.o
                0x10005e78                dcd_init
 .text.dcd_int_enable
                0x10005f08        0xc CMakeFiles/panel_firmware.dir/Users/fchorney/pico-sdk/lib/tinyusb/src/portable/raspberrypi/rp2040/dcd_rp2040.c.o
                0x10005f08                dcd_int_enable
 .text.dcd_set_address
                0x10005f14       0x14 CMakeFiles/panel_firmware.dir/Users/fchorney/pico-sdk/lib/tinyusb/src/portable/raspberrypi/rp2040/dcd_rp2040.c.o
                0x10005f14                dcd_set_address
 .text.dcd_sof_enable
                0x10005f28       0x1c CMakeFiles/panel_firmware.dir/Users/fchorney/pico-sdk/lib/tinyusb/src/portable/raspberrypi/rp2040/dcd_rp2040.c.o
                0x10005f28                dcd_sof_enable
 .text.dcd_edpt0_status_complete
                0x10005f44       0x1c CMakeFiles/panel_firmware.dir/Users/fchorney/pico-sdk/lib/tinyusb/src/portable/raspberrypi/rp2040/dcd_rp2040.c.o
                0x10005f44                dcd_edpt0_status_complete
 .text.dcd_edpt_open
                0x10005f60      0x114 CMakeFiles/panel_firmware.dir/Users/fchorney/pico-sdk/lib/tinyusb/src/portable/raspberrypi/rp2040/dcd_rp2040.c.o
                0x10005f60                dcd_edpt_open
 .text.dcd_edpt_close_all
                0x10006074        0x8 CMakeFiles/panel_firmware.dir/Users/fchorney/pico-sdk/lib/tinyusb/src/portable/raspberrypi/rp2040/dcd_rp2040.c.o
                0x10006074                dcd_edpt_close_all
 .text.dcd_edpt_xfer
                0x1000607c       0x24 CMakeFiles/panel_firmware.dir/Users/fchorney/pico-sdk/lib/tinyusb/src/portable/raspberrypi/rp2040/dcd_rp2040.c.o
                0x1000607c                dcd_edpt_xfer
 .text.dcd_edpt_stall
                0x100060a0       0x3c CMakeFiles/panel_firmware.dir/Users/fchorney/pico-sdk/lib/tinyusb/src/portable/raspberrypi/rp2040/dcd_rp2040.c.o
                0x100060a0                dcd_edpt_stall
 .text.dcd_edpt_clear_stall
                0x100060dc       0x30 CMakeFiles/panel_firmware.dir/Users/fchorney/pico-sdk/lib/tinyusb/src/portable/raspberrypi/rp2040/dcd_rp2040.c.o
                0x100060dc                dcd_edpt_clear_stall
 .text.rp2040_usb_init
                0x1000610c       0x40 CMakeFiles/panel_firmware.dir/Users/fchorney/pico-sdk/lib/tinyusb/src/portable/raspberrypi/rp2040/rp2040_usb.c.o
                0x1000610c                rp2040_usb_init
 .text.hw_endpoint_xfer_start
                0x1000614c       0x40 CMakeFiles/panel_firmware.dir/Users/fchorney/pico-sdk/lib/tinyusb/src/portable/raspberrypi/rp2040/rp2040_usb.c.o
                0x1000614c                hw_endpoint_xfer_start
 .text.tud_event_hook_cb
                0x1000618c        0x4 CMakeFiles/panel_firmware.dir/Users/fchorney/pico-sdk/lib/tinyusb/src/device/usbd.c.o
                0x1000618c                tud_event_hook_cb
 .text.tud_sof_cb
                0x10006190        0x4 CMakeFiles/panel_firmware.dir/Users/fchorney/pico-sdk/lib/tinyusb/src/device/usbd.c.o
                0x10006190                tud_sof_cb
 .text.tud_descriptor_device_qualifier_cb
                0x10006194        0x4 CMakeFiles/panel_firmware.dir/Users/fchorney/pico-sdk/lib/tinyusb/src/device/usbd.c.o
                0x10006194                tud_descriptor_device_qualifier_cb
 .text.tud_descriptor_other_speed_configuration_cb
                0x10006198        0x4 CMakeFiles/panel_firmware.dir/Users/fchorney/pico-sdk/lib/tinyusb/src/device/usbd.c.o
                0x10006198                tud_descriptor_other_speed_configuration_cb
 .text.tud_mount_cb
                0x1000619c        0x4 CMakeFiles/panel_firmware.dir/Users/fchorney/pico-sdk/lib/tinyusb/src/device/usbd.c.o
                0x1000619c                tud_mount_cb
 .text.tud_umount_cb
                0x100061a0        0x4 CMakeFiles/panel_firmware.dir/Users/fchorney/pico-sdk/lib/tinyusb/src/device/usbd.c.o
                0x100061a0                tud_umount_cb
 .text.tud_suspend_cb
                0x100061a4        0x4 CMakeFiles/panel_firmware.dir/Users/fchorney/pico-sdk/lib/tinyusb/src/device/usbd.c.o
                0x100061a4                tud_suspend_cb
 .text.tud_resume_cb
                0x100061a8        0x4 CMakeFiles/panel_firmware.dir/Users/fchorney/pico-sdk/lib/tinyusb/src/device/usbd.c.o
                0x100061a8                tud_resume_cb
 .text.tud_mounted
                0x100061ac       0x10 CMakeFiles/panel_firmware.dir/Users/fchorney/pico-sdk/lib/tinyusb/src/device/usbd.c.o
                0x100061ac                tud_mounted
 .text.tud_suspended
                0x100061bc       0x10 CMakeFiles/panel_firmware.dir/Users/fchorney/pico-sdk/lib/tinyusb/src/device/usbd.c.o
                0x100061bc                tud_suspended
 .text.tud_rhport_init
                0x100061cc       0xf0 CMakeFiles/panel_firmware.dir/Users/fchorney/pico-sdk/lib/tinyusb/src/device/usbd.c.o
                0x100061cc                tud_rhport_init
 .text.tud_task_ext
                0x100062bc      0x7fc CMakeFiles/panel_firmware.dir/Users/fchorney/pico-sdk/lib/tinyusb/src/device/usbd.c.o
                0x100062bc                tud_task_ext
 .text.usbd_open_edpt_pair
                0x10006ab8       0x98 CMakeFiles/panel_firmware.dir/Users/fchorney/pico-sdk/lib/tinyusb/src/device/usbd.c.o
                0x10006ab8                usbd_open_edpt_pair
 .text.usbd_edpt_open
                0x10006b50       0x34 CMakeFiles/panel_firmware.dir/Users/fchorney/pico-sdk/lib/tinyusb/src/device/usbd.c.o
                0x10006b50                usbd_edpt_open
 .text.usbd_edpt_claim
                0x10006b84       0x28 CMakeFiles/panel_firmware.dir/Users/fchorney/pico-sdk/lib/tinyusb/src/device/usbd.c.o
                0x10006b84                usbd_edpt_claim
 .text.usbd_edpt_release
                0x10006bac       0x28 CMakeFiles/panel_firmware.dir/Users/fchorney/pico-sdk/lib/tinyusb/src/device/usbd.c.o
                0x10006bac                usbd_edpt_release
 .text.usbd_edpt_xfer
                0x10006bd4       0x50 CMakeFiles/panel_firmware.dir/Users/fchorney/pico-sdk/lib/tinyusb/src/device/usbd.c.o
                0x10006bd4                usbd_edpt_xfer
 .text.tud_control_status
                0x10006c24       0x2c CMakeFiles/panel_firmware.dir/Users/fchorney/pico-sdk/lib/tinyusb/src/device/usbd_control.c.o
                0x10006c24                tud_control_status
 .text.tud_control_xfer
                0x10006c50       0xa0 CMakeFiles/panel_firmware.dir/Users/fchorney/pico-sdk/lib/tinyusb/src/device/usbd_control.c.o
                0x10006c50                tud_control_xfer
 .text.usbd_control_reset
                0x10006cf0       0x14 CMakeFiles/panel_firmware.dir/Users/fchorney/pico-sdk/lib/tinyusb/src/device/usbd_control.c.o
                0x10006cf0                usbd_control_reset
 .text.usbd_control_set_complete_callback
                0x10006d04        0xc CMakeFiles/panel_firmware.dir/Users/fchorney/pico-sdk/lib/tinyusb/src/device/usbd_control.c.o
                0x10006d04                usbd_control_set_complete_callback
 .text.usbd_control_set_request
                0x10006d10       0x1c CMakeFiles/panel_firmware.dir/Users/fchorney/pico-sdk/lib/tinyusb/src/device/usbd_control.c.o
                0x10006d10                usbd_control_set_request
 .text.usbd_control_xfer_cb
                0x10006d2c       0xe8 CMakeFiles/panel_firmware.dir/Users/fchorney/pico-sdk/lib/tinyusb/src/device/usbd_control.c.o
                0x10006d2c                usbd_control_xfer_cb
 .text._prep_out_transaction.isra.0
                0x10006e14       0x6c CMakeFiles/panel_firmware.dir/Users/fchorney/pico-sdk/lib/tinyusb/src/class/cdc/cdc_device.c.o
 .text.tud_cdc_n_connected
                0x10006e80       0x2c CMakeFiles/panel_firmware.dir/Users/fchorney/pico-sdk/lib/tinyusb/src/class/cdc/cdc_device.c.o
                0x10006e80                tud_cdc_n_connected
 .text.tud_cdc_n_available
                0x10006eac       0x14 CMakeFiles/panel_firmware.dir/Users/fchorney/pico-sdk/lib/tinyusb/src/class/cdc/cdc_device.c.o
                0x10006eac                tud_cdc_n_available
 .text.tud_cdc_n_read
                0x10006ec0       0x88 CMakeFiles/panel_firmware.dir/Users/fchorney/pico-sdk/lib/tinyusb/src/class/cdc/cdc_device.c.o
                0x10006ec0                tud_cdc_n_read
 .text.tud_cdc_n_write_flush
                0x10006f48       0x78 CMakeFiles/panel_firmware.dir/Users/fchorney/pico-sdk/lib/tinyusb/src/class/cdc/cdc_device.c.o
                0x10006f48                tud_cdc_n_write_flush
 .text.tud_cdc_n_write
                0x10006fc0       0x40 CMakeFiles/panel_firmware.dir/Users/fchorney/pico-sdk/lib/tinyusb/src/class/cdc/cdc_device.c.o
                0x10006fc0                tud_cdc_n_write
 .text.tud_cdc_n_write_available
                0x10007000       0x14 CMakeFiles/panel_firmware.dir/Users/fchorney/pico-sdk/lib/tinyusb/src/class/cdc/cdc_device.c.o
                0x10007000                tud_cdc_n_write_available
 .text.cdcd_init
                0x10007014       0x70 CMakeFiles/panel_firmware.dir/Users/fchorney/pico-sdk/lib/tinyusb/src/class/cdc/cdc_device.c.o
                0x10007014                cdcd_init
 .text.cdcd_deinit
                0x10007084       0x30 CMakeFiles/panel_firmware.dir/Users/fchorney/pico-sdk/lib/tinyusb/src/class/cdc/cdc_device.c.o
                0x10007084                cdcd_deinit
 .text.cdcd_reset
                0x100070b4       0x48 CMakeFiles/panel_firmware.dir/Users/fchorney/pico-sdk/lib/tinyusb/src/class/cdc/cdc_device.c.o
                0x100070b4                cdcd_reset
 .text.cdcd_open
                0x100070fc       0xa8 CMakeFiles/panel_firmware.dir/Users/fchorney/pico-sdk/lib/tinyusb/src/class/cdc/cdc_device.c.o
                0x100070fc                cdcd_open
 .text.cdcd_control_xfer_cb
                0x100071a4       0xf0 CMakeFiles/panel_firmware.dir/Users/fchorney/pico-sdk/lib/tinyusb/src/class/cdc/cdc_device.c.o
                0x100071a4                cdcd_control_xfer_cb
 .text.cdcd_xfer_cb
                0x10007294       0xf8 CMakeFiles/panel_firmware.dir/Users/fchorney/pico-sdk/lib/tinyusb/src/class/cdc/cdc_device.c.o
                0x10007294                cdcd_xfer_cb
 .text.vendord_init
                0x1000738c       0x5c CMakeFiles/panel_firmware.dir/Users/fchorney/pico-sdk/lib/tinyusb/src/class/vendor/vendor_device.c.o
                0x1000738c                vendord_init
 .text.vendord_deinit
                0x100073e8       0x1c CMakeFiles/panel_firmware.dir/Users/fchorney/pico-sdk/lib/tinyusb/src/class/vendor/vendor_device.c.o
                0x100073e8                vendord_deinit
 .text.vendord_reset
                0x10007404       0x28 CMakeFiles/panel_firmware.dir/Users/fchorney/pico-sdk/lib/tinyusb/src/class/vendor/vendor_device.c.o
                0x10007404                vendord_reset
 .text.vendord_open
                0x1000742c      0x104 CMakeFiles/panel_firmware.dir/Users/fchorney/pico-sdk/lib/tinyusb/src/class/vendor/vendor_device.c.o
                0x1000742c                vendord_open
 .text.vendord_xfer_cb
                0x10007530       0xa0 CMakeFiles/panel_firmware.dir/Users/fchorney/pico-sdk/lib/tinyusb/src/class/vendor/vendor_device.c.o
                0x10007530                vendord_xfer_cb
 .text.tusb_rhport_init
                0x100075d0       0x4c CMakeFiles/panel_firmware.dir/Users/fchorney/pico-sdk/lib/tinyusb/src/tusb.c.o
                0x100075d0                tusb_rhport_init
 .text.tu_edpt_claim
                0x1000761c       0x50 CMakeFiles/panel_firmware.dir/Users/fchorney/pico-sdk/lib/tinyusb/src/tusb.c.o
                0x1000761c                tu_edpt_claim
 .text.tu_edpt_release
                0x1000766c       0x38 CMakeFiles/panel_firmware.dir/Users/fchorney/pico-sdk/lib/tinyusb/src/tusb.c.o
                0x1000766c                tu_edpt_release
 .text.tu_edpt_validate
                0x100076a4       0x74 CMakeFiles/panel_firmware.dir/Users/fchorney/pico-sdk/lib/tinyusb/src/tusb.c.o
                0x100076a4                tu_edpt_validate
 .text.tu_edpt_bind_driver
                0x10007718       0x34 CMakeFiles/panel_firmware.dir/Users/fchorney/pico-sdk/lib/tinyusb/src/tusb.c.o
                0x10007718                tu_edpt_bind_driver
 .text.tu_edpt_stream_init
                0x1000774c       0x68 CMakeFiles/panel_firmware.dir/Users/fchorney/pico-sdk/lib/tinyusb/src/tusb.c.o
                0x1000774c                tu_edpt_stream_init
 .text.tu_edpt_stream_deinit
                0x100077b4        0x4 CMakeFiles/panel_firmware.dir/Users/fchorney/pico-sdk/lib/tinyusb/src/tusb.c.o
                0x100077b4                tu_edpt_stream_deinit
 .text.tu_edpt_stream_write_zlp_if_needed
                0x100077b8       0x64 CMakeFiles/panel_firmware.dir/Users/fchorney/pico-sdk/lib/tinyusb/src/tusb.c.o
                0x100077b8                tu_edpt_stream_write_zlp_if_needed
 .text.tu_edpt_stream_write_xfer
                0x1000781c       0x6c CMakeFiles/panel_firmware.dir/Users/fchorney/pico-sdk/lib/tinyusb/src/tusb.c.o
                0x1000781c                tu_edpt_stream_write_xfer
 .text.tu_edpt_stream_read_xfer
                0x10007888       0xd8 CMakeFiles/panel_firmware.dir/Users/fchorney/pico-sdk/lib/tinyusb/src/tusb.c.o
                0x10007888                tu_edpt_stream_read_xfer
 .text.tu_fifo_config
                0x10007960       0x6c CMakeFiles/panel_firmware.dir/Users/fchorney/pico-sdk/lib/tinyusb/src/common/tusb_fifo.c.o
                0x10007960                tu_fifo_config
 .text.tu_fifo_count
                0x100079cc       0x2c CMakeFiles/panel_firmware.dir/Users/fchorney/pico-sdk/lib/tinyusb/src/common/tusb_fifo.c.o
                0x100079cc                tu_fifo_count
 .text.tu_fifo_empty
                0x100079f8       0x10 CMakeFiles/panel_firmware.dir/Users/fchorney/pico-sdk/lib/tinyusb/src/common/tusb_fifo.c.o
                0x100079f8                tu_fifo_empty
 .text.tu_fifo_remaining
                0x10007a08       0x2c CMakeFiles/panel_firmware.dir/Users/fchorney/pico-sdk/lib/tinyusb/src/common/tusb_fifo.c.o
                0x10007a08                tu_fifo_remaining
 .text.tu_fifo_read
                0x10007a34       0x9c CMakeFiles/panel_firmware.dir/Users/fchorney/pico-sdk/lib/tinyusb/src/common/tusb_fifo.c.o
                0x10007a34                tu_fifo_read
 .text.tu_fifo_read_n
                0x10007ad0       0xec CMakeFiles/panel_firmware.dir/Users/fchorney/pico-sdk/lib/tinyusb/src/common/tusb_fifo.c.o
                0x10007ad0                tu_fifo_read_n
 .text.tu_fifo_write
                0x10007bbc       0xa4 CMakeFiles/panel_firmware.dir/Users/fchorney/pico-sdk/lib/tinyusb/src/common/tusb_fifo.c.o
                0x10007bbc                tu_fifo_write
 .text.tu_fifo_write_n
                0x10007c60      0x168 CMakeFiles/panel_firmware.dir/Users/fchorney/pico-sdk/lib/tinyusb/src/common/tusb_fifo.c.o
                0x10007c60                tu_fifo_write_n
 .text.tu_fifo_clear
                0x10007dc8       0x40 CMakeFiles/panel_firmware.dir/Users/fchorney/pico-sdk/lib/tinyusb/src/common/tusb_fifo.c.o
                0x10007dc8                tu_fifo_clear
 .text.tu_fifo_set_overwritable
                0x10007e08       0x48 CMakeFiles/panel_firmware.dir/Users/fchorney/pico-sdk/lib/tinyusb/src/common/tusb_fifo.c.o
                0x10007e08                tu_fifo_set_overwritable
 .text.core1_trampoline
                0x10007e50        0x4 CMakeFiles/panel_firmware.dir/Users/fchorney/pico-sdk/src/rp2_common/pico_multicore/multicore.c.o
 .text.core1_wrapper
                0x10007e54        0xc CMakeFiles/panel_firmware.dir/Users/fchorney/pico-sdk/src/rp2_common/pico_multicore/multicore.c.o
                0x10007e54                core1_wrapper
 .text.multicore_launch_core1_raw
                0x10007e60       0x88 CMakeFiles/panel_firmware.dir/Users/fchorney/pico-sdk/src/rp2_common/pico_multicore/multicore.c.o
                0x10007e60                multicore_launch_core1_raw
 .text.multicore_launch_core1
                0x10007ee8       0x5c CMakeFiles/panel_firmware.dir/Users/fchorney/pico-sdk/src/rp2_common/pico_multicore/multicore.c.o
                0x10007ee8                multicore_launch_core1
 .text.adc_init
                0x10007f44       0x38 CMakeFiles/panel_firmware.dir/Users/fchorney/pico-sdk/src/rp2_common/hardware_adc/adc.c.o
                0x10007f44                adc_init
 .text.pio_claim_unused_sm
                0x10007f7c       0x38 CMakeFiles/panel_firmware.dir/Users/fchorney/pico-sdk/src/rp2_common/hardware_pio/pio.c.o
                0x10007f7c                pio_claim_unused_sm
 .text.pio_add_program
                0x10007fb4       0xf8 CMakeFiles/panel_firmware.dir/Users/fchorney/pico-sdk/src/rp2_common/hardware_pio/pio.c.o
                0x10007fb4                pio_add_program
 .text.pio_sm_set_consecutive_pindirs
                0x100080ac       0xb0 CMakeFiles/panel_firmware.dir/Users/fchorney/pico-sdk/src/rp2_common/hardware_pio/pio.c.o
                0x100080ac                pio_sm_set_consecutive_pindirs
 .text.pio_sm_init
                0x1000815c       0xa8 CMakeFiles/panel_firmware.dir/Users/fchorney/pico-sdk/src/rp2_common/hardware_pio/pio.c.o
                0x1000815c                pio_sm_init
 .text.strlen   0x10008204       0x60 /Applications/ArmGNUToolchain/15.2.rel1/arm-none-eabi/bin/../lib/gcc/arm-none-eabi/15.2.1/../../../../arm-none-eabi/lib/thumb/v6-m/nofp/libg.a(libc_a-strlen-stub.o)
                0x10008204                strlen
 *(.fini)
 .fini          0x10008264        0x4 /Applications/ArmGNUToolchain/15.2.rel1/arm-none-eabi/bin/../lib/gcc/arm-none-eabi/15.2.1/thumb/v6-m/nofp/crti.o
                0x10008264                _fini
 .fini.__stub   0x10008268       0xc0 linker stubs
 *crtbegin.o(.ctors)
 *crtbegin?.o(.ctors)
 *(EXCLUDE_FILE(*crtend.o *crtend?.o) .ctors)
 *(SORT_BY_NAME(.ctors.*))
 *(.ctors)
 *crtbegin.o(.dtors)
 *crtbegin?.o(.dtors)
 *(EXCLUDE_FILE(*crtend.o *crtend?.o) .dtors)
 *(SORT_BY_NAME(.dtors.*))
 *(.dtors)
                0x10008328                        . = ALIGN (0x4)
                0x10008328                        PROVIDE (__preinit_array_start = .)
 *(SORT_BY_NAME(.preinit_array.*))
 .preinit_array.00100
                0x10008328        0x4 CMakeFiles/panel_firmware.dir/Users/fchorney/pico-sdk/src/rp2_common/pico_runtime_init/runtime_init.c.o
                0x10008328                __pre_init_runtime_init_early_resets
 .preinit_array.00101
                0x1000832c        0x4 CMakeFiles/panel_firmware.dir/Users/fchorney/pico-sdk/src/rp2_common/pico_runtime_init/runtime_init.c.o
                0x1000832c                __pre_init_runtime_init_usb_power_down
 .preinit_array.00275
                0x10008330        0x4 CMakeFiles/panel_firmware.dir/Users/fchorney/pico-sdk/src/rp2_common/pico_bit_ops/bit_ops_aeabi.S.o
 .preinit_array.00300
                0x10008334        0x4 CMakeFiles/panel_firmware.dir/Users/fchorney/pico-sdk/src/rp2_common/pico_mem_ops/mem_ops_aeabi.S.o
 .preinit_array.00350
                0x10008338        0x4 CMakeFiles/panel_firmware.dir/Users/fchorney/pico-sdk/src/rp2_common/pico_double/double_aeabi_rp2040.S.o
 .preinit_array.00350
                0x1000833c        0x4 CMakeFiles/panel_firmware.dir/Users/fchorney/pico-sdk/src/rp2_common/pico_float/float_aeabi_rp2040.S.o
 .preinit_array.00500
                0x10008340        0x4 CMakeFiles/panel_firmware.dir/Users/fchorney/pico-sdk/src/rp2_common/pico_runtime_init/runtime_init.c.o
                0x10008340                __pre_init_runtime_init_clocks
 .preinit_array.00600
                0x10008344        0x4 CMakeFiles/panel_firmware.dir/Users/fchorney/pico-sdk/src/rp2_common/pico_runtime_init/runtime_init.c.o
                0x10008344                __pre_init_runtime_init_post_clock_resets
 .preinit_array.00700
                0x10008348        0x4 CMakeFiles/panel_firmware.dir/Users/fchorney/pico-sdk/src/rp2_common/pico_runtime_init/runtime_init.c.o
                0x10008348                __pre_init_runtime_init_rp2040_gpio_ie_disable
 .preinit_array.01000
                0x1000834c        0x4 CMakeFiles/panel_firmware.dir/Users/fchorney/pico-sdk/src/rp2_common/pico_runtime_init/runtime_init.c.o
                0x1000834c                __pre_init_runtime_init_spin_locks_reset
 .preinit_array.01100
                0x10008350        0x4 CMakeFiles/panel_firmware.dir/Users/fchorney/pico-sdk/src/common/pico_sync/mutex.c.o
                0x10008350                __pre_init_runtime_init_mutex
 .preinit_array.10080
                0x10008354        0x4 CMakeFiles/panel_firmware.dir/Users/fchorney/pico-sdk/src/rp2_common/pico_runtime_init/runtime_init.c.o
                0x10008354                __pre_init_runtime_init_install_ram_vector_table
 .preinit_array.11000
                0x10008358        0x4 CMakeFiles/panel_firmware.dir/Users/fchorney/pico-sdk/src/common/pico_time/time.c.o
                0x10008358                __pre_init_runtime_init_default_alarm_pool
 .preinit_array.YYYYY
                0x1000835c        0x4 CMakeFiles/panel_firmware.dir/Users/fchorney/pico-sdk/src/rp2_common/pico_runtime/runtime.c.o
                0x1000835c                __pre_init_first_per_core_initializer
 .preinit_array.ZZZZZ.01200
                0x10008360        0x4 CMakeFiles/panel_firmware.dir/Users/fchorney/pico-sdk/src/rp2_common/hardware_irq/irq.c.o
                0x10008360                __pre_init_runtime_init_per_core_irq_priorities
 *(.preinit_array)
                0x10008364                        PROVIDE (__preinit_array_end = .)
                0x10008364                        . = ALIGN (0x4)
                0x10008364                        PROVIDE (__init_array_start = .)
 *(SORT_BY_NAME(.init_array.*))
 .init_array.01000
                0x10008364        0x4 CMakeFiles/panel_firmware.dir/Users/fchorney/pico-sdk/src/rp2_common/pico_unique_id/unique_id.c.o
 *(.init_array)
 .init_array    0x10008368        0x4 /Applications/ArmGNUToolchain/15.2.rel1/arm-none-eabi/bin/../lib/gcc/arm-none-eabi/15.2.1/thumb/v6-m/nofp/crtbegin.o
                0x1000836c                        PROVIDE (__init_array_end = .)
                0x1000836c                        . = ALIGN (0x4)
                [!provide]                        PROVIDE (__fini_array_start = .)
 *(SORT_BY_NAME(.fini_array.*))
 *(.fini_array)
                [!provide]                        PROVIDE (__fini_array_end = .)
 *(.eh_frame*)
 .eh_frame      0x1000836c        0x0 /Applications/ArmGNUToolchain/15.2.rel1/arm-none-eabi/bin/../lib/gcc/arm-none-eabi/15.2.1/thumb/v6-m/nofp/crtbegin.o
                0x1000836c                        . = ALIGN (0x4)

.glue_7         0x1000836c        0x0
 .glue_7        0x1000836c        0x0 linker stubs

.glue_7t        0x1000836c        0x0
 .glue_7t       0x1000836c        0x0 linker stubs

.vfp11_veneer   0x1000836c        0x0
 .vfp11_veneer  0x1000836c        0x0 linker stubs

.v4_bx          0x1000836c        0x0
 .v4_bx         0x1000836c        0x0 linker stubs

.iplt           0x1000836c        0x0
 .iplt          0x1000836c        0x0 /Applications/ArmGNUToolchain/15.2.rel1/arm-none-eabi/bin/../lib/gcc/arm-none-eabi/15.2.1/thumb/v6-m/nofp/crtbegin.o

.rodata         0x10008370      0x81c
 *(EXCLUDE_FILE(*libm.a: *libc.a:*lib_a-mem*.o *libgcc.a:) .rodata*)
 .rodata.core1_entry
                0x10008370       0x2c CMakeFiles/panel_firmware.dir/main.c.o
 .rodata.main.str1.4
                0x1000839c      0x2f0 CMakeFiles/panel_firmware.dir/main.c.o
                                0x15c (size before relaxing)
 .rodata.PATTERN_READING
                0x1000868c       0x19 CMakeFiles/panel_firmware.dir/main.c.o
 *fill*         0x100086a5        0x3 
 .rodata.PATTERN_SERPENTINE
                0x100086a8       0x19 CMakeFiles/panel_firmware.dir/main.c.o
 *fill*         0x100086c1        0x3 
 .rodata.FSR_GPIO
                0x100086c4       0x10 CMakeFiles/panel_firmware.dir/main.c.o
 .rodata.ws2812_program
                0x100086d4        0x8 CMakeFiles/panel_firmware.dir/main.c.o
 .rodata.ws2812_program_instructions
                0x100086dc        0x8 CMakeFiles/panel_firmware.dir/main.c.o
 .rodata.panic.str1.4
                0x100086e4        0x0 CMakeFiles/panel_firmware.dir/Users/fchorney/pico-sdk/src/rp2_common/pico_platform_panic/panic.c.o
                                 0x12 (size before relaxing)
 .rodata.spin_lock_claim_unused.str1.4
                0x100086e4        0x0 CMakeFiles/panel_firmware.dir/Users/fchorney/pico-sdk/src/rp2_common/hardware_sync/sync.c.o
                                 0x1b (size before relaxing)
 .rodata.user_irq_claim_unused.str1.4
                0x100086e4        0x0 CMakeFiles/panel_firmware.dir/Users/fchorney/pico-sdk/src/rp2_common/hardware_irq/irq.c.o
                                 0x1b (size before relaxing)
 .rodata.timer_hardware_alarm_claim.str1.4
                0x100086e4        0x0 CMakeFiles/panel_firmware.dir/Users/fchorney/pico-sdk/src/rp2_common/hardware_timer/timer.c.o
                                 0x22 (size before relaxing)
 .rodata.hard_assertion_failure.str1.4
                0x100086e4        0x0 CMakeFiles/panel_firmware.dir/Users/fchorney/pico-sdk/src/rp2_common/pico_runtime/runtime.c.o
                                  0xc (size before relaxing)
 .rodata.str1.4
                0x100086e4        0x0 CMakeFiles/panel_firmware.dir/Users/fchorney/pico-sdk/src/rp2_common/pico_standard_binary_info/standard_binary_info.c.o
                                 0x44 (size before relaxing)
 .rodata.__bi_84
                0x100086e4        0xc CMakeFiles/panel_firmware.dir/Users/fchorney/pico-sdk/src/rp2_common/pico_standard_binary_info/standard_binary_info.c.o
 .rodata.__bi_78
                0x100086f0        0xc CMakeFiles/panel_firmware.dir/Users/fchorney/pico-sdk/src/rp2_common/pico_standard_binary_info/standard_binary_info.c.o
 .rodata.__bi_54
                0x100086fc        0xc CMakeFiles/panel_firmware.dir/Users/fchorney/pico-sdk/src/rp2_common/pico_standard_binary_info/standard_binary_info.c.o
 .rodata.__bi_48
                0x10008708        0xc CMakeFiles/panel_firmware.dir/Users/fchorney/pico-sdk/src/rp2_common/pico_standard_binary_info/standard_binary_info.c.o
 .rodata.__bi_42
                0x10008714        0xc CMakeFiles/panel_firmware.dir/Users/fchorney/pico-sdk/src/rp2_common/pico_standard_binary_info/standard_binary_info.c.o
 .rodata.__bi_34
                0x10008720        0xc CMakeFiles/panel_firmware.dir/Users/fchorney/pico-sdk/src/rp2_common/pico_standard_binary_info/standard_binary_info.c.o
 .rodata.__bi_26
                0x1000872c        0xc CMakeFiles/panel_firmware.dir/Users/fchorney/pico-sdk/src/rp2_common/pico_standard_binary_info/standard_binary_info.c.o
 .rodata._ftoa.str1.4
                0x10008738        0x0 CMakeFiles/panel_firmware.dir/Users/fchorney/pico-sdk/src/rp2_common/pico_printf/printf.c.o
                                 0x15 (size before relaxing)
 .rodata._vsnprintf
                0x10008738      0x19c CMakeFiles/panel_firmware.dir/Users/fchorney/pico-sdk/src/rp2_common/pico_printf/printf.c.o
 *fill*         0x100088d4        0x4 
 .rodata.pow10.0
                0x100088d8       0x50 CMakeFiles/panel_firmware.dir/Users/fchorney/pico-sdk/src/rp2_common/pico_printf/printf.c.o
 .rodata.crlf_str.0
                0x10008928        0x2 CMakeFiles/panel_firmware.dir/Users/fchorney/pico-sdk/src/rp2_common/pico_stdio/stdio.c.o
 *fill*         0x1000892a        0x2 
 .rodata._resetd_driver
                0x1000892c       0x20 CMakeFiles/panel_firmware.dir/Users/fchorney/pico-sdk/src/rp2_common/pico_stdio_usb/reset_interface.c.o
 .rodata.desc_ms_os_20
                0x1000894c       0xa6 CMakeFiles/panel_firmware.dir/Users/fchorney/pico-sdk/src/rp2_common/pico_stdio_usb/reset_interface.c.o
 *fill*         0x100089f2        0x2 
 .rodata.desc_bos
                0x100089f4       0x21 CMakeFiles/panel_firmware.dir/Users/fchorney/pico-sdk/src/rp2_common/pico_stdio_usb/reset_interface.c.o
                0x100089f4                desc_bos
 .rodata.str1.4
                0x10008a15        0x0 CMakeFiles/panel_firmware.dir/Users/fchorney/pico-sdk/src/rp2_common/pico_stdio_usb/stdio_usb.c.o
                                 0x13 (size before relaxing)
 *fill*         0x10008a15        0x3 
 .rodata.__bi_202.0
                0x10008a18        0xc CMakeFiles/panel_firmware.dir/Users/fchorney/pico-sdk/src/rp2_common/pico_stdio_usb/stdio_usb.c.o
 .rodata.str1.4
                0x10008a24        0x0 CMakeFiles/panel_firmware.dir/Users/fchorney/pico-sdk/src/rp2_common/pico_stdio_usb/stdio_usb_descriptors.c.o
                                 0x2a (size before relaxing)
 .rodata.usbd_desc_str
                0x10008a24       0x18 CMakeFiles/panel_firmware.dir/Users/fchorney/pico-sdk/src/rp2_common/pico_stdio_usb/stdio_usb_descriptors.c.o
 .rodata.usbd_desc_cfg
                0x10008a3c       0x54 CMakeFiles/panel_firmware.dir/Users/fchorney/pico-sdk/src/rp2_common/pico_stdio_usb/stdio_usb_descriptors.c.o
 .rodata.usbd_desc_device
                0x10008a90       0x12 CMakeFiles/panel_firmware.dir/Users/fchorney/pico-sdk/src/rp2_common/pico_stdio_usb/stdio_usb_descriptors.c.o
 .rodata.str1.4
                0x10008aa2        0x0 CMakeFiles/panel_firmware.dir/Users/fchorney/pico-sdk/lib/tinyusb/src/portable/raspberrypi/rp2040/dcd_rp2040.c.o
                                 0x14 (size before relaxing)
 .rodata.str1.4
                0x10008aa2        0x0 CMakeFiles/panel_firmware.dir/Users/fchorney/pico-sdk/lib/tinyusb/src/portable/raspberrypi/rp2040/rp2040_usb.c.o
                                 0x48 (size before relaxing)
 *fill*         0x10008aa2        0x2 
 .rodata.tud_task_ext
                0x10008aa4       0x8c CMakeFiles/panel_firmware.dir/Users/fchorney/pico-sdk/lib/tinyusb/src/device/usbd.c.o
 .rodata        0x10008b30       0x1c CMakeFiles/panel_firmware.dir/Users/fchorney/pico-sdk/lib/tinyusb/src/device/usbd.c.o
 .rodata._usbd_driver
                0x10008b4c       0x40 CMakeFiles/panel_firmware.dir/Users/fchorney/pico-sdk/lib/tinyusb/src/device/usbd.c.o
 .rodata.pio_claim_unused_sm.str1.4
                0x10008b8c        0x0 CMakeFiles/panel_firmware.dir/Users/fchorney/pico-sdk/src/rp2_common/hardware_pio/pio.c.o
                                 0x24 (size before relaxing)
                0x10008b8c                        . = ALIGN (0x4)
 *(SORT_BY_ALIGNMENT(SORT_BY_NAME(.flashdata*)))
                0x10008b8c                        . = ALIGN (0x4)

.ARM.extab
 *(.ARM.extab* .gnu.linkonce.armextab.*)
                0x10008b8c                        __exidx_start = .

.ARM.exidx
 *(.ARM.exidx* .gnu.linkonce.armexidx.*)
                0x10008b8c                        __exidx_end = .
                0x10008b8c                        . = ALIGN (0x4)
                0x10008b8c                        __binary_info_start = .

.binary_info    0x10008b8c       0x20
 *(.binary_info.keep.*)
 .binary_info.keep.__bi_ptr84
                0x10008b8c        0x4 CMakeFiles/panel_firmware.dir/Users/fchorney/pico-sdk/src/rp2_common/pico_standard_binary_info/standard_binary_info.c.o
 .binary_info.keep.__bi_ptr78
                0x10008b90        0x4 CMakeFiles/panel_firmware.dir/Users/fchorney/pico-sdk/src/rp2_common/pico_standard_binary_info/standard_binary_info.c.o
 .binary_info.keep.__bi_ptr54
                0x10008b94        0x4 CMakeFiles/panel_firmware.dir/Users/fchorney/pico-sdk/src/rp2_common/pico_standard_binary_info/standard_binary_info.c.o
 .binary_info.keep.__bi_ptr48
                0x10008b98        0x4 CMakeFiles/panel_firmware.dir/Users/fchorney/pico-sdk/src/rp2_common/pico_standard_binary_info/standard_binary_info.c.o
 .binary_info.keep.__bi_ptr42
                0x10008b9c        0x4 CMakeFiles/panel_firmware.dir/Users/fchorney/pico-sdk/src/rp2_common/pico_standard_binary_info/standard_binary_info.c.o
 .binary_info.keep.__bi_ptr34
                0x10008ba0        0x4 CMakeFiles/panel_firmware.dir/Users/fchorney/pico-sdk/src/rp2_common/pico_standard_binary_info/standard_binary_info.c.o
 .binary_info.keep.__bi_ptr26
                0x10008ba4        0x4 CMakeFiles/panel_firmware.dir/Users/fchorney/pico-sdk/src/rp2_common/pico_standard_binary_info/standard_binary_info.c.o
 *(.binary_info.*)
 .binary_info.__bi_ptr202
                0x10008ba8        0x4 CMakeFiles/panel_firmware.dir/Users/fchorney/pico-sdk/src/rp2_common/pico_stdio_usb/stdio_usb.c.o
                0x10008bac                        __binary_info_end = .
                0x10008bac                        . = ALIGN (0x4)

.ram_vector_table
                0x20000000       0xc0
 *(.ram_vector_table)
 .ram_vector_table
                0x20000000       0xc0 CMakeFiles/panel_firmware.dir/Users/fchorney/pico-sdk/src/rp2_common/pico_runtime_init/runtime_init.c.o
                0x20000000                ram_vector_table

.uninitialized_data
                0x200000c0        0x0
                0x200000c0                        . = ALIGN (0x4)
 *(.uninitialized_data*)

.data           0x200000c0      0xfb8 load address 0x10008bac
                0x200000c0                        __data_start__ = .
 *(vtable)
 *(.time_critical*)
 .time_critical.mutex_try_enter
                0x200000c0       0x40 CMakeFiles/panel_firmware.dir/Users/fchorney/pico-sdk/src/common/pico_sync/mutex.c.o
                0x200000c0                mutex_try_enter
 .time_critical.mutex_try_enter_block_until
                0x20000100       0x98 CMakeFiles/panel_firmware.dir/Users/fchorney/pico-sdk/src/common/pico_sync/mutex.c.o
                0x20000100                mutex_try_enter_block_until
 .time_critical.mutex_enter_timeout_ms
                0x20000198       0x8c CMakeFiles/panel_firmware.dir/Users/fchorney/pico-sdk/src/common/pico_sync/mutex.c.o
                0x20000198                mutex_enter_timeout_ms
 .time_critical.mutex_exit
                0x20000224       0x28 CMakeFiles/panel_firmware.dir/Users/fchorney/pico-sdk/src/common/pico_sync/mutex.c.o
                0x20000224                mutex_exit
 .time_critical.flash_init_boot2_copyout
                0x2000024c       0x30 CMakeFiles/panel_firmware.dir/Users/fchorney/pico-sdk/src/rp2_common/hardware_flash/flash.c.o
 .time_critical.flash_enable_xip_via_boot2
                0x2000027c        0xc CMakeFiles/panel_firmware.dir/Users/fchorney/pico-sdk/src/rp2_common/hardware_flash/flash.c.o
 .time_critical.flash_save_hardware_state
                0x20000288       0x20 CMakeFiles/panel_firmware.dir/Users/fchorney/pico-sdk/src/rp2_common/hardware_flash/flash.c.o
 .time_critical.flash_restore_hardware_state
                0x200002a8       0x20 CMakeFiles/panel_firmware.dir/Users/fchorney/pico-sdk/src/rp2_common/hardware_flash/flash.c.o
 .time_critical.flash_cs_force
                0x200002c8       0x38 CMakeFiles/panel_firmware.dir/Users/fchorney/pico-sdk/src/rp2_common/hardware_flash/flash.c.o
 .time_critical.flash_do_cmd
                0x20000300      0x124 CMakeFiles/panel_firmware.dir/Users/fchorney/pico-sdk/src/rp2_common/hardware_flash/flash.c.o
                0x20000300                flash_do_cmd
 .time_critical.reset_non_control_endpoints
                0x20000424       0x68 CMakeFiles/panel_firmware.dir/Users/fchorney/pico-sdk/lib/tinyusb/src/portable/raspberrypi/rp2040/dcd_rp2040.c.o
 .time_critical.hw_handle_buff_status
                0x2000048c       0x88 CMakeFiles/panel_firmware.dir/Users/fchorney/pico-sdk/lib/tinyusb/src/portable/raspberrypi/rp2040/dcd_rp2040.c.o
 .time_critical.dcd_rp2040_irq
                0x20000514      0x53c CMakeFiles/panel_firmware.dir/Users/fchorney/pico-sdk/lib/tinyusb/src/portable/raspberrypi/rp2040/dcd_rp2040.c.o
 .time_critical.prepare_ep_buffer
                0x20000a50       0xc4 CMakeFiles/panel_firmware.dir/Users/fchorney/pico-sdk/lib/tinyusb/src/portable/raspberrypi/rp2040/rp2040_usb.c.o
 .time_critical.sync_ep_buffer
                0x20000b14       0xa0 CMakeFiles/panel_firmware.dir/Users/fchorney/pico-sdk/lib/tinyusb/src/portable/raspberrypi/rp2040/rp2040_usb.c.o
 .time_critical._hw_endpoint_xfer_sync
                0x20000bb4       0x28 CMakeFiles/panel_firmware.dir/Users/fchorney/pico-sdk/lib/tinyusb/src/portable/raspberrypi/rp2040/rp2040_usb.c.o
 .time_critical.e15_is_bulkin_ep
                0x20000bdc       0x28 CMakeFiles/panel_firmware.dir/Users/fchorney/pico-sdk/lib/tinyusb/src/portable/raspberrypi/rp2040/rp2040_usb.c.o
 .time_critical.e15_is_critical_frame_period
                0x20000c04       0x30 CMakeFiles/panel_firmware.dir/Users/fchorney/pico-sdk/lib/tinyusb/src/portable/raspberrypi/rp2040/rp2040_usb.c.o
 .time_critical.hw_endpoint_reset_transfer
                0x20000c34        0xc CMakeFiles/panel_firmware.dir/Users/fchorney/pico-sdk/lib/tinyusb/src/portable/raspberrypi/rp2040/rp2040_usb.c.o
                0x20000c34                hw_endpoint_reset_transfer
 .time_critical._hw_endpoint_buffer_control_update32
                0x20000c40       0x50 CMakeFiles/panel_firmware.dir/Users/fchorney/pico-sdk/lib/tinyusb/src/portable/raspberrypi/rp2040/rp2040_usb.c.o
                0x20000c40                _hw_endpoint_buffer_control_update32
 .time_critical.hw_endpoint_start_next_buffer
                0x20000c90       0x68 CMakeFiles/panel_firmware.dir/Users/fchorney/pico-sdk/lib/tinyusb/src/portable/raspberrypi/rp2040/rp2040_usb.c.o
                0x20000c90                hw_endpoint_start_next_buffer
 .time_critical.hw_endpoint_xfer_continue
                0x20000cf8       0x40 CMakeFiles/panel_firmware.dir/Users/fchorney/pico-sdk/lib/tinyusb/src/portable/raspberrypi/rp2040/rp2040_usb.c.o
                0x20000cf8                hw_endpoint_xfer_continue
 .time_critical.tinyusb
                0x20000d38      0x1d8 CMakeFiles/panel_firmware.dir/Users/fchorney/pico-sdk/lib/tinyusb/src/device/usbd.c.o
                0x20000d38                dcd_event_handler
 *(.text*)
 .text          0x20000f10        0x4 /Applications/ArmGNUToolchain/15.2.rel1/arm-none-eabi/bin/../lib/gcc/arm-none-eabi/15.2.1/thumb/v6-m/nofp/libgcc.a(_dvmd_tls.o)
                0x20000f10                __aeabi_ldiv0
                0x20000f10                __aeabi_idiv0
 *fill*         0x20000f14        0x4 
 .text.__stub   0x20000f18       0x80 linker stubs
                0x20000f98                        . = ALIGN (0x4)
 *(.rodata*)
                0x20000f98                        . = ALIGN (0x4)
 *(.data*)
 .data.g_rel_thr
                0x20000f98        0x8 CMakeFiles/panel_firmware.dir/main.c.o
 .data.g_press_thr
                0x20000fa0        0x8 CMakeFiles/panel_firmware.dir/main.c.o
 .data.striped_spin_lock_num
                0x20000fa8        0x1 CMakeFiles/panel_firmware.dir/Users/fchorney/pico-sdk/src/rp2_common/hardware_sync/sync.c.o
 *fill*         0x20000fa9        0x3 
 .data          0x20000fac       0x48 CMakeFiles/panel_firmware.dir/Users/fchorney/pico-sdk/src/rp2_common/hardware_irq/irq_handler_chain.S.o
                0x20000fac                irq_handler_chain_slots
                0x20000fdc                irq_handler_chain_first_slot
                0x20000fe6                irq_handler_chain_remove_tail
 .data.default_alarm_pool
                0x20000ff4       0x18 CMakeFiles/panel_firmware.dir/Users/fchorney/pico-sdk/src/common/pico_time/time.c.o
 *fill*         0x2000100c        0x4 
 .data.aeabi_bits_funcs
                0x20001010       0x10 CMakeFiles/panel_firmware.dir/Users/fchorney/pico-sdk/src/rp2_common/pico_bit_ops/bit_ops_aeabi.S.o
                0x20001010                aeabi_bits_funcs
                0x20001020                aeabi_bits_funcs_end
 .data.aeabi_mem_funcs
                0x20001020       0x10 CMakeFiles/panel_firmware.dir/Users/fchorney/pico-sdk/src/rp2_common/pico_mem_ops/mem_ops_aeabi.S.o
                0x20001020                aeabi_mem_funcs
                0x20001030                aeabi_mem_funcs_end
 .data.stdio_usb
                0x20001030       0x18 CMakeFiles/panel_firmware.dir/Users/fchorney/pico-sdk/src/rp2_common/pico_stdio_usb/stdio_usb.c.o
                0x20001030                stdio_usb
 .data._usbd_qdef
                0x20001048       0x1c CMakeFiles/panel_firmware.dir/Users/fchorney/pico-sdk/lib/tinyusb/src/device/usbd.c.o
                0x20001048                _usbd_qdef
 .data._usbd_rhport
                0x20001064        0x1 CMakeFiles/panel_firmware.dir/Users/fchorney/pico-sdk/lib/tinyusb/src/device/usbd.c.o
                0x20001068                        . = ALIGN (0x4)
 *fill*         0x20001065        0x3 
 *(.after_data.*)
                0x20001068                        . = ALIGN (0x4)
                0x20001068                        PROVIDE (__mutex_array_start = .)
 *(SORT_BY_NAME(.mutex_array.*))
 *(.mutex_array)
 .mutex_array   0x20001068        0x8 CMakeFiles/panel_firmware.dir/Users/fchorney/pico-sdk/src/rp2_common/pico_malloc/malloc.c.o
 .mutex_array   0x20001070        0x8 CMakeFiles/panel_firmware.dir/Users/fchorney/pico-sdk/src/rp2_common/pico_stdio/stdio.c.o
                0x20001078                        PROVIDE (__mutex_array_end = .)
                0x20001078                        . = ALIGN (0x4)
 *(.jcr)
                0x20001078                        . = ALIGN (0x4)

.tm_clone_table
                0x20001078        0x0 load address 0x10009b64
 .tm_clone_table
                0x20001078        0x0 /Applications/ArmGNUToolchain/15.2.rel1/arm-none-eabi/bin/../lib/gcc/arm-none-eabi/15.2.1/thumb/v6-m/nofp/crtbegin.o
 .tm_clone_table
                0x20001078        0x0 /Applications/ArmGNUToolchain/15.2.rel1/arm-none-eabi/bin/../lib/gcc/arm-none-eabi/15.2.1/thumb/v6-m/nofp/crtend.o

.igot.plt       0x20001078        0x0 load address 0x10009b64
 .igot.plt      0x20001078        0x0 /Applications/ArmGNUToolchain/15.2.rel1/arm-none-eabi/bin/../lib/gcc/arm-none-eabi/15.2.1/thumb/v6-m/nofp/crtbegin.o

.tdata          0x20001078        0x0 load address 0x10009b64
                0x20001078                        . = ALIGN (0x4)
 *(.tdata .tdata.* .gnu.linkonce.td.*)
                0x20001078                        __tdata_end = .
                0x20001078                        PROVIDE (__data_end__ = .)
                0x10008bac                        __etext = LOADADDR (.data)

.tbss           0x20001078        0x0 load address 0x10009b64
                0x20001078                        . = ALIGN (0x4)
                0x20001078                        __bss_start__ = .
                0x20001078                        __tls_base = .
 *(.tbss .tbss.* .gnu.linkonce.tb.*)
 *(.tcommon)
                0x20001078                        __tls_end = .

.bss            0x20001078     0x1144 load address 0x10009b64
                0x20001078                        . = ALIGN (0x4)
                0x20001078                        __tbss_end = .
 *(SORT_BY_ALIGNMENT(SORT_BY_NAME(.bss*)))
 .bss._cdcd_itf
                0x20001078       0xc8 CMakeFiles/panel_firmware.dir/Users/fchorney/pico-sdk/lib/tinyusb/src/class/cdc/cdc_device.c.o
 .bss.default_alarm_pool_entries
                0x20001140      0x180 CMakeFiles/panel_firmware.dir/Users/fchorney/pico-sdk/src/common/pico_time/time.c.o
 .bss.last_avail_time.1
                0x200012c0        0x8 CMakeFiles/panel_firmware.dir/Users/fchorney/pico-sdk/src/rp2_common/pico_stdio_usb/stdio_usb.c.o
 .bss.pixel_buf
                0x200012c8       0x64 CMakeFiles/panel_firmware.dir/main.c.o
 *fill*         0x2000132c        0x4 
 .bss.sd_table  0x20001330      0x100 CMakeFiles/panel_firmware.dir/Users/fchorney/pico-sdk/src/rp2_common/pico_double/double_init_rom_rp2040.c.o
                0x20001330                sd_table
 .bss.sf_table  0x20001430      0x100 CMakeFiles/panel_firmware.dir/Users/fchorney/pico-sdk/src/rp2_common/pico_float/float_init_rom_rp2040.c.o
                0x20001430                sf_table
 .bss._app_driver
                0x20001530        0x4 CMakeFiles/panel_firmware.dir/Users/fchorney/pico-sdk/lib/tinyusb/src/device/usbd.c.o
 .bss._cdcd_epbuf
                0x20001534       0x80 CMakeFiles/panel_firmware.dir/Users/fchorney/pico-sdk/lib/tinyusb/src/class/cdc/cdc_device.c.o
 .bss._cdcd_fifo_cfg
                0x200015b4        0x1 CMakeFiles/panel_firmware.dir/Users/fchorney/pico-sdk/lib/tinyusb/src/class/cdc/cdc_device.c.o
 *fill*         0x200015b5        0x3 
 .bss._ctrl_epbuf
                0x200015b8       0x40 CMakeFiles/panel_firmware.dir/Users/fchorney/pico-sdk/lib/tinyusb/src/device/usbd_control.c.o
 .bss._ctrl_xfer
                0x200015f8       0x14 CMakeFiles/panel_firmware.dir/Users/fchorney/pico-sdk/lib/tinyusb/src/device/usbd_control.c.o
 .bss._tusb_rhport_role
                0x2000160c        0x2 CMakeFiles/panel_firmware.dir/Users/fchorney/pico-sdk/lib/tinyusb/src/tusb.c.o
                0x2000160c                _tusb_rhport_role
 *fill*         0x2000160e        0x2 
 .bss._ubsd_mutexdef
                0x20001610        0x8 CMakeFiles/panel_firmware.dir/Users/fchorney/pico-sdk/lib/tinyusb/src/device/usbd.c.o
 .bss._usbd_dev
                0x20001618       0x54 CMakeFiles/panel_firmware.dir/Users/fchorney/pico-sdk/lib/tinyusb/src/device/usbd.c.o
 .bss._usbd_mutex
                0x2000166c        0x4 CMakeFiles/panel_firmware.dir/Users/fchorney/pico-sdk/lib/tinyusb/src/device/usbd.c.o
 .bss._usbd_q   0x20001670        0x4 CMakeFiles/panel_firmware.dir/Users/fchorney/pico-sdk/lib/tinyusb/src/device/usbd.c.o
 .bss._usbd_qdef_buf
                0x20001674       0xc0 CMakeFiles/panel_firmware.dir/Users/fchorney/pico-sdk/lib/tinyusb/src/device/usbd.c.o
                0x20001674                _usbd_qdef_buf
 .bss._used_instruction_space
                0x20001734        0x8 CMakeFiles/panel_firmware.dir/Users/fchorney/pico-sdk/src/rp2_common/hardware_pio/pio.c.o
 .bss._vendord_epbuf
                0x2000173c       0x80 CMakeFiles/panel_firmware.dir/Users/fchorney/pico-sdk/lib/tinyusb/src/class/vendor/vendor_device.c.o
 .bss._vendord_itf
                0x200017bc      0x24c CMakeFiles/panel_firmware.dir/Users/fchorney/pico-sdk/lib/tinyusb/src/class/vendor/vendor_device.c.o
 .bss.boot2_copyout
                0x20001a08      0x100 CMakeFiles/panel_firmware.dir/Users/fchorney/pico-sdk/src/rp2_common/hardware_flash/flash.c.o
 .bss.chars_available_callback
                0x20001b08        0x4 CMakeFiles/panel_firmware.dir/Users/fchorney/pico-sdk/src/rp2_common/pico_stdio_usb/stdio_usb.c.o
 .bss.chars_available_param
                0x20001b0c        0x4 CMakeFiles/panel_firmware.dir/Users/fchorney/pico-sdk/src/rp2_common/pico_stdio_usb/stdio_usb.c.o
 .bss.claimed   0x20001b10        0x4 CMakeFiles/panel_firmware.dir/Users/fchorney/pico-sdk/src/rp2_common/hardware_sync/sync.c.o
 .bss.claimed   0x20001b14        0x1 CMakeFiles/panel_firmware.dir/Users/fchorney/pico-sdk/src/rp2_common/hardware_timer/timer.c.o
 *fill*         0x20001b15        0x3 
 .bss.claimed   0x20001b18        0x1 CMakeFiles/panel_firmware.dir/Users/fchorney/pico-sdk/src/rp2_common/hardware_pio/pio.c.o
 *fill*         0x20001b19        0x3 
 .bss.configured_freq
                0x20001b1c       0x28 CMakeFiles/panel_firmware.dir/Users/fchorney/pico-sdk/src/rp2_common/hardware_clocks/clocks.c.o
 .bss.desc_str.0
                0x20001b44       0x28 CMakeFiles/panel_firmware.dir/Users/fchorney/pico-sdk/src/rp2_common/pico_stdio_usb/stdio_usb_descriptors.c.o
 .bss.drivers   0x20001b6c        0x4 CMakeFiles/panel_firmware.dir/Users/fchorney/pico-sdk/src/rp2_common/pico_stdio/stdio.c.o
 .bss.e15_last_sof
                0x20001b70        0x4 CMakeFiles/panel_firmware.dir/Users/fchorney/pico-sdk/lib/tinyusb/src/portable/raspberrypi/rp2040/rp2040_usb.c.o
                0x20001b70                e15_last_sof
 .bss.filter    0x20001b74        0x4 CMakeFiles/panel_firmware.dir/Users/fchorney/pico-sdk/src/rp2_common/pico_stdio/stdio.c.o
 .bss.g_active_fsrs
                0x20001b78        0x4 CMakeFiles/panel_firmware.dir/main.c.o
 .bss.g_fsr_pressed
                0x20001b7c        0x4 CMakeFiles/panel_firmware.dir/main.c.o
 .bss.g_fsr_streak
                0x20001b80        0x4 CMakeFiles/panel_firmware.dir/main.c.o
 .bss.g_fsr_vals
                0x20001b84        0x8 CMakeFiles/panel_firmware.dir/main.c.o
 .bss.hw_endpoints
                0x20001b8c      0x400 CMakeFiles/panel_firmware.dir/Users/fchorney/pico-sdk/lib/tinyusb/src/portable/raspberrypi/rp2040/dcd_rp2040.c.o
 .bss.last_remote_ms
                0x20001f8c        0x4 CMakeFiles/panel_firmware.dir/main.c.o
 .bss.lazy_vsnprintf
                0x20001f90        0x4 CMakeFiles/panel_firmware.dir/Users/fchorney/pico-sdk/src/rp2_common/pico_printf/printf.c.o
 .bss.load_value
                0x20001f94        0x4 CMakeFiles/panel_firmware.dir/Users/fchorney/pico-sdk/src/rp2_common/hardware_watchdog/watchdog.c.o
 .bss.next_buffer_ptr
                0x20001f98        0x4 CMakeFiles/panel_firmware.dir/Users/fchorney/pico-sdk/lib/tinyusb/src/portable/raspberrypi/rp2040/dcd_rp2040.c.o
 .bss.object.0  0x20001f9c       0x18 /Applications/ArmGNUToolchain/15.2.rel1/arm-none-eabi/bin/../lib/gcc/arm-none-eabi/15.2.1/thumb/v6-m/nofp/crtbegin.o
 .bss.one_shot_timer_crit_sec
                0x20001fb4        0x8 CMakeFiles/panel_firmware.dir/Users/fchorney/pico-sdk/src/rp2_common/pico_stdio_usb/stdio_usb.c.o
 .bss.pay.0     0x20001fbc       0x50 CMakeFiles/panel_firmware.dir/main.c.o
 .bss.pools     0x2000200c       0x10 CMakeFiles/panel_firmware.dir/Users/fchorney/pico-sdk/src/common/pico_time/time.c.o
 .bss.remote_frame
                0x2000201c       0x4b CMakeFiles/panel_firmware.dir/main.c.o
 *fill*         0x20002067        0x1 
 .bss.retrieved_id
                0x20002068        0x8 CMakeFiles/panel_firmware.dir/Users/fchorney/pico-sdk/src/rp2_common/pico_unique_id/unique_id.c.o
 .bss.rs_rx_buf
                0x20002070      0x100 CMakeFiles/panel_firmware.dir/main.c.o
 .bss.sf_clz_func
                0x20002170        0x4 CMakeFiles/panel_firmware.dir/Users/fchorney/pico-sdk/src/rp2_common/pico_double/double_init_rom_rp2040.c.o
                0x20002170                sf_clz_func
 .bss.sleep_notifier
                0x20002174        0x4 CMakeFiles/panel_firmware.dir/Users/fchorney/pico-sdk/src/common/pico_time/time.c.o
 .bss.stat_crc_errs
                0x20002178        0x4 CMakeFiles/panel_firmware.dir/main.c.o
 .bss.stat_led_frames
                0x2000217c        0x4 CMakeFiles/panel_firmware.dir/main.c.o
 .bss.stat_polls
                0x20002180        0x4 CMakeFiles/panel_firmware.dir/main.c.o
 .bss.stdio_usb_mutex
                0x20002184        0x8 CMakeFiles/panel_firmware.dir/Users/fchorney/pico-sdk/src/rp2_common/pico_stdio_usb/stdio_usb.c.o
 .bss.uart_char_to_line_feed
                0x2000218c        0x4 CMakeFiles/panel_firmware.dir/Users/fchorney/pico-sdk/src/rp2_common/hardware_uart/uart.c.o
                0x2000218c                uart_char_to_line_feed
 .bss.usbd_serial_str
                0x20002190       0x11 CMakeFiles/panel_firmware.dir/Users/fchorney/pico-sdk/src/rp2_common/pico_stdio_usb/stdio_usb_descriptors.c.o
 *fill*         0x200021a1        0x1 
 .bss.rs_rx_head
                0x200021a2        0x2 CMakeFiles/panel_firmware.dir/main.c.o
 .bss.rs_rx_tail
                0x200021a4        0x2 CMakeFiles/panel_firmware.dir/main.c.o
 .bss._app_driver_count
                0x200021a6        0x1 CMakeFiles/panel_firmware.dir/Users/fchorney/pico-sdk/lib/tinyusb/src/device/usbd.c.o
 .bss._sof_enable
                0x200021a7        0x1 CMakeFiles/panel_firmware.dir/Users/fchorney/pico-sdk/lib/tinyusb/src/portable/raspberrypi/rp2040/dcd_rp2040.c.o
 .bss._usbd_queued_setup
                0x200021a8        0x1 CMakeFiles/panel_firmware.dir/Users/fchorney/pico-sdk/lib/tinyusb/src/device/usbd.c.o
 .bss.addr.3    0x200021a9        0x1 CMakeFiles/panel_firmware.dir/main.c.o
 .bss.boot2_copyout_valid
                0x200021aa        0x1 CMakeFiles/panel_firmware.dir/Users/fchorney/pico-sdk/src/rp2_common/hardware_flash/flash.c.o
 .bss.cmd.4     0x200021ab        0x1 CMakeFiles/panel_firmware.dir/main.c.o
 .bss.g_panel_id
                0x200021ac        0x1 CMakeFiles/panel_firmware.dir/main.c.o
 .bss.g_pressed
                0x200021ad        0x1 CMakeFiles/panel_firmware.dir/main.c.o
 .bss.g_pressed_mask
                0x200021ae        0x1 CMakeFiles/panel_firmware.dir/main.c.o
 .bss.idx.1     0x200021af        0x1 CMakeFiles/panel_firmware.dir/main.c.o
 .bss.irq_handler_chain_free_slot_head
                0x200021b0        0x1 CMakeFiles/panel_firmware.dir/Users/fchorney/pico-sdk/src/rp2_common/hardware_irq/irq.c.o
 .bss.itf_num   0x200021b1        0x1 CMakeFiles/panel_firmware.dir/Users/fchorney/pico-sdk/src/rp2_common/pico_stdio_usb/reset_interface.c.o
 .bss.len.2     0x200021b2        0x1 CMakeFiles/panel_firmware.dir/main.c.o
 .bss.low_priority_irq_num
                0x200021b3        0x1 CMakeFiles/panel_firmware.dir/Users/fchorney/pico-sdk/src/rp2_common/pico_stdio_usb/stdio_usb.c.o
 .bss.one_shot_timer_pending
                0x200021b4        0x1 CMakeFiles/panel_firmware.dir/Users/fchorney/pico-sdk/src/rp2_common/pico_stdio_usb/stdio_usb.c.o
 .bss.remote_dirty
                0x200021b5        0x1 CMakeFiles/panel_firmware.dir/main.c.o
 .bss.remote_seen
                0x200021b6        0x1 CMakeFiles/panel_firmware.dir/main.c.o
 .bss.st.5      0x200021b7        0x1 CMakeFiles/panel_firmware.dir/main.c.o
 .bss.user_irq_claimed
                0x200021b8        0x1 CMakeFiles/panel_firmware.dir/Users/fchorney/pico-sdk/src/rp2_common/hardware_irq/irq.c.o
 *(COMMON)
                0x200021bc                        . = ALIGN (0x4)
 *fill*         0x200021b9        0x3 
                0x200021bc                        __bss_end__ = .

.heap           0x200021bc      0x800 load address 0x10009b64
                0x200021bc                        __end__ = .
                0x200021bc                        end = __end__
 *(.heap*)
 .heap          0x200021bc      0x800 CMakeFiles/panel_firmware.dir/Users/fchorney/pico-sdk/src/rp2_common/pico_crt0/crt0.S.o
                0x20040000                        __HeapLimit = (ORIGIN (RAM) + LENGTH (RAM))

.scratch_x      0x20040000        0x0 load address 0x10009b64
                0x20040000                        __scratch_x_start__ = .
 *(.scratch_x.*)
                0x20040000                        . = ALIGN (0x4)